Component: ARM Compiler 5.06 update 6 (build 750) Tool: armlink [4d35ed]

==============================================================================

Section Cross References

    main.o(.text) refers to drv_bsp.o(.text) for All_Init
    main.o(.text) refers to ano_scheduler.o(.text) for Scheduler_Setup
    ano_scheduler.o(.text) refers to user_task.o(.text) for UserTask_OneKeyCmd
    ano_scheduler.o(.text) refers to drv_sys.o(.text) for GetSysRunTimeMs
    ano_scheduler.o(.text) refers to ano_scheduler.o(.data) for sched_tasks
    ano_scheduler.o(.data) refers to ano_scheduler.o(.text) for Loop_1000Hz
    user_task.o(.text) refers to lx_fc_fun.o(.text) for OneKey_Takeoff
    user_task.o(.text) refers to drv_bsp.o(.bss) for rc_in
    user_task.o(.text) refers to user_task.o(.data) for one_key_takeoff_f
    user_task.o(.text) refers to uart_receive.o(.data) for circle_data
    ano_dt_lx.o(.text) refers to drv_uart.o(.text) for DrvUart5SendBuf
    ano_dt_lx.o(.text) refers to ano_dt_lx.o(.bss) for dt
    ano_dt_lx.o(.text) refers to ano_lx.o(.bss) for pwm_to_esc
    ano_dt_lx.o(.text) refers to drv_led.o(.data) for led
    ano_dt_lx.o(.text) refers to lx_fc_state.o(.bss) for fc_sta
    ano_dt_lx.o(.text) refers to ano_lx.o(.data) for fc_vel
    ano_dt_lx.o(.text) refers to ano_dt_lx.o(.data) for rxstate
    ano_dt_lx.o(.text) refers to lx_fc_ext_sensor.o(.bss) for ext_sens
    ano_dt_lx.o(.text) refers to drv_bsp.o(.bss) for rc_in
    ano_lx.o(.text) refers to lx_fc_fun.o(.text) for LX_Change_Mode
    ano_lx.o(.text) refers to ano_math.o(.text) for my_deadzone
    ano_lx.o(.text) refers to drv_pwmout.o(.text) for DrvMotorPWMSet
    ano_lx.o(.text) refers to drv_adc.o(.text) for Drv_AdcGetBatVot
    ano_lx.o(.text) refers to drv_bsp.o(.text) for DrvRcInputTask
    ano_lx.o(.text) refers to drv_bsp.o(.bss) for rc_in
    ano_lx.o(.text) refers to ano_lx.o(.data) for mod_f
    ano_lx.o(.text) refers to lx_fc_state.o(.data) for sti_fun
    ano_lx.o(.text) refers to ano_lx.o(.bss) for rt_tar
    ano_lx.o(.text) refers to ano_dt_lx.o(.bss) for dt
    ano_lx.o(.text) refers to lx_fc_state.o(.bss) for fc_sta
    ano_lx.o(.text) refers to lx_fc_state.o(.text) for LX_FC_State_Task
    ano_lx.o(.text) refers to drv_anoof.o(.text) for AnoOF_Check_State
    ano_lx.o(.text) refers to drv_uart.o(.text) for DrvUartDataCheck
    ano_lx.o(.text) refers to drv_ubloxgps.o(.text) for GPS_Data_Prepare_Task
    ano_lx.o(.text) refers to lx_fc_ext_sensor.o(.text) for LX_FC_EXT_Sensor_Task
    ano_lx.o(.text) refers to ano_dt_lx.o(.text) for ANO_LX_Data_Exchange_Task
    ano_lx.o(.text) refers to drv_led.o(.text) for LED_1ms_DRV
    lx_fc_ext_sensor.o(.text) refers to drv_anoof.o(.bss) for ano_of
    lx_fc_ext_sensor.o(.text) refers to lx_fc_ext_sensor.o(.data) for of_alt_update_cnt
    lx_fc_ext_sensor.o(.text) refers to lx_fc_ext_sensor.o(.bss) for ext_sens
    lx_fc_ext_sensor.o(.text) refers to ano_dt_lx.o(.bss) for dt
    lx_fc_fun.o(.text) refers to ano_dt_lx.o(.text) for CMD_Send
    lx_fc_fun.o(.text) refers to dfltui.o(.text) for __aeabi_ui2d
    lx_fc_fun.o(.text) refers to ano_math.o(.text) for my_cos
    lx_fc_fun.o(.text) refers to f2d.o(.text) for __aeabi_f2d
    lx_fc_fun.o(.text) refers to dmul.o(.text) for __aeabi_dmul
    lx_fc_fun.o(.text) refers to dfixui.o(.text) for __aeabi_d2uiz
    lx_fc_fun.o(.text) refers to lx_fc_state.o(.bss) for fc_sta
    lx_fc_fun.o(.text) refers to ano_dt_lx.o(.bss) for dt
    lx_fc_fun.o(.text) refers to lx_fc_fun.o(.data) for old_mode
    lx_fc_fun.o(.text) refers to uart_receive.o(.data) for target_position
    lx_fc_fun.o(.text) refers to uart_receive.o(.bss) for lidar_data
    lx_fc_state.o(.text) refers to lx_fc_fun.o(.text) for FC_Unlock
    lx_fc_state.o(.text) refers to drv_bsp.o(.bss) for rc_in
    lx_fc_state.o(.text) refers to lx_fc_state.o(.data) for sti_fun
    lx_fc_state.o(.text) refers to lx_fc_state.o(.bss) for fc_sta
    drv_bsp.o(.text) refers to drv_rcin.o(.text) for DrvRcPpmInit
    drv_bsp.o(.text) refers to drv_sys.o(.text) for DrvSysInit
    drv_bsp.o(.text) refers to drv_led.o(.text) for DvrLedInit
    drv_bsp.o(.text) refers to drv_pwmout.o(.text) for DrvPwmOutInit
    drv_bsp.o(.text) refers to drv_uart.o(.text) for DrvUart2Init
    drv_bsp.o(.text) refers to drv_adc.o(.text) for DrvAdcInit
    drv_bsp.o(.text) refers to ano_dt_lx.o(.text) for ANO_DT_Init
    drv_bsp.o(.text) refers to drv_ubloxgps.o(.text) for Init_GPS
    drv_bsp.o(.text) refers to drv_timer.o(.text) for DrvTimerFcInit
    drv_bsp.o(.text) refers to drv_bsp.o(.bss) for rc_in
    drv_bsp.o(.text) refers to drv_bsp.o(.data) for ch_sta
    ano_math.o(.text) refers to cdcmple.o(.text) for __aeabi_cdcmple
    ano_math.o(.text) refers to dmul.o(.text) for __aeabi_dmul
    ano_math.o(.text) refers to dadd.o(.text) for __aeabi_dadd
    ano_math.o(.text) refers to cdrcmple.o(.text) for __aeabi_cdrcmple
[...]
    .ARM.Collect$$$$00000008                 0x08000190   Section        0  entry7b.o(.ARM.Collect$$$$00000008)
    .ARM.Collect$$$$0000000A                 0x08000190   Section        0  entry8b.o(.ARM.Collect$$$$0000000A)
    .ARM.Collect$$$$0000000B                 0x08000190   Section        8  entry9a.o(.ARM.Collect$$$$0000000B)
    .ARM.Collect$$$$0000000D                 0x08000198   Section        0  entry10a.o(.ARM.Collect$$$$0000000D)
    .ARM.Collect$$$$0000000F                 0x08000198   Section        0  entry11a.o(.ARM.Collect$$$$0000000F)
    .ARM.Collect$$$$00002712                 0x08000198   Section        4  entry2.o(.ARM.Collect$$$$00002712)
    __lit__00000000                          0x08000198   Data           4  entry2.o(.ARM.Collect$$$$00002712)
    .text                                    0x0800019c   Section        0  main.o(.text)
    .text                                    0x080001b0   Section        0  ano_scheduler.o(.text)
    Loop_1000Hz                              0x080001b1   Thumb Code     2  ano_scheduler.o(.text)
    Loop_500Hz                               0x080001b3   Thumb Code     2  ano_scheduler.o(.text)
    Loop_200Hz                               0x080001b5   Thumb Code     2  ano_scheduler.o(.text)
    Loop_100Hz                               0x080001b7   Thumb Code     2  ano_scheduler.o(.text)
    Loop_50Hz                                0x080001b9   Thumb Code     8  ano_scheduler.o(.text)
    Loop_20Hz                                0x080001c1   Thumb Code     2  ano_scheduler.o(.text)
    Loop_2Hz                                 0x080001c3   Thumb Code     2  ano_scheduler.o(.text)
    .text                                    0x08000260   Section        0  user_task.o(.text)
    .text                                    0x08000558   Section        0  ano_dt_lx.o(.text)
    ANO_DT_LX_Send_Data                      0x080005ff   Thumb Code    16  ano_dt_lx.o(.text)
    ANO_DT_LX_Data_Receive_Anl               0x08000629   Thumb Code   486  ano_dt_lx.o(.text)
    Add_Send_Data                            0x08000911   Thumb Code   444  ano_dt_lx.o(.text)
    Frame_Send                               0x08000acd   Thumb Code   190  ano_dt_lx.o(.text)
    Check_To_Send                            0x08000b8b   Thumb Code   138  ano_dt_lx.o(.text)
    CK_Back_Check                            0x08000c6f   Thumb Code    90  ano_dt_lx.o(.text)
    .text                                    0x08000cec   Section        0  ano_lx.o(.text)
    RC_Data_Task                             0x08000ced   Thumb Code   594  ano_lx.o(.text)
    ESC_Output                               0x08000f3f   Thumb Code   364  ano_lx.o(.text)
    Bat_Voltage_Data_Handle                  0x080010ab   Thumb Code    28  ano_lx.o(.text)
    .text                                    0x080011c8   Section        0  lx_fc_ext_sensor.o(.text)
    General_Velocity_Data_Handle             0x08001217   Thumb Code   120  lx_fc_ext_sensor.o(.text)
    .text                                    0x080012ac   Section        0  lx_fc_fun.o(.text)
    .text                                    0x08001ee4   Section        0  lx_fc_state.o(.text)
    LX_Unlock_Lock_Check                     0x08001ee5   Thumb Code   438  lx_fc_state.o(.text)
    .text                                    0x08002168   Section        0  drv_bsp.o(.text)
    rcSignalCheck                            0x0800246b   Thumb Code   168  drv_bsp.o(.text)
    .text                                    0x08002640   Section        0  ano_math.o(.text)
    .text                                    0x08002ebc   Section        0  drv_anoof.o(.text)
    AnoOF_DataAnl                            0x08002f71   Thumb Code   364  drv_anoof.o(.text)
    .text                                    0x080031fc   Section        0  drv_ubloxgps.o(.text)
    .text                                    0x080035a4   Section        0  stm32f4xx_it.o(.text)
    .text                                    0x08003620   Section        0  drv_sys.o(.text)
    .text                                    0x08003728   Section        0  drv_adc.o(.text)
    initAdcDMA                               0x08003729   Thumb Code   108  drv_adc.o(.text)
    .text                                    0x080038bc   Section        0  drv_led.o(.text)
    .text                                    0x080039d8   Section        0  drv_pwmout.o(.text)
    .text                                    0x08003d54   Section        0  drv_rcin.o(.text)
    .text                                    0x08003f38   Section        0  drv_timer.o(.text)
    .text                                    0x08003fc4   Section        0  drv_uart.o(.text)
    .text                                    0x08004a14   Section       36  startup_stm32f4xx.o(.text)
    $v0                                      0x08004a14   Number         0  startup_stm32f4xx.o(.text)
    .text                                    0x08004a38   Section        0  system_stm32f4xx.o(.text)
    SetSysClock                              0x08004a39   Thumb Code   220  system_stm32f4xx.o(.text)
    .text                                    0x08004c48   Section        0  misc.o(.text)
    .text                                    0x08004e08   Section        0  stm32f4xx_adc.o(.text)
    .text                                    0x08005de4   Section        0  stm32f4xx_dma.o(.text)
    .text                                    0x0800714c   Section        0  stm32f4xx_exti.o(.text)
    .text                                    0x08007420   Section        0  stm32f4xx_gpio.o(.text)
    .text                                    0x08007ce8   Section        0  stm32f4xx_rcc.o(.text)
    .text                                    0x080089e4   Section        0  stm32f4xx_tim.o(.text)
    TI4_Config                               0x0800a65d   Thumb Code    80  stm32f4xx_tim.o(.text)
    TI3_Config                               0x0800a741   Thumb Code    72  stm32f4xx_tim.o(.text)
    TI2_Config                               0x0800a7ff   Thumb Code    80  stm32f4xx_tim.o(.text)
    TI1_Config                               0x0800a8d5   Thumb Code    58  stm32f4xx_tim.o(.text)
    .text                                    0x0800bbd0   Section        0  stm32f4xx_usart.o(.text)
    .text                                    0x0800c9f4   Section        0  uart_receive.o(.text)
    .text                                    0x0800cb5c   Section        0  dadd.o(.text)
    .text                                    0x0800ccaa   Section        0  dmul.o(.text)
    .text                                    0x0800cd8e   Section        0  dflti.o(.text)
    .text                                    0x0800cdb0   Section        0  dfltui.o(.text)
    .text                                    0x0800cdca   Section        0  dfixui.o(.text)
    .text                                    0x0800cdfc   Section        0  f2d.o(.text)
    .text                                    0x0800ce24   Section       48  cdcmple.o(.text)
    .text                                    0x0800ce54   Section       48  cdrcmple.o(.text)
    .text                                    0x0800ce84   Section        0  d2f.o(.text)
    .text                                    0x0800cebc   Section        0  llshl.o(.text)
    .text                                    0x0800ceda   Section        0  llushr.o(.text)
    .text                                    0x0800cefa   Section        0  llsshr.o(.text)
    .text                                    0x0800cf1e   Section        0  fepilogue.o(.text)
    .text                                    0x0800cf1e   Section        0  iusefp.o(.text)
    .text                                    0x0800cf8c   Section        0  depilogue.o(.text)
    .text                                    0x0800d048   Section       36  init.o(.text)
    .text                                    0x0800d06c   Section        0  __dczerorl2.o(.text)
    i.__scatterload_copy                     0x0800d0c2   Section       14  handlers.o(i.__scatterload_copy)
    i.__scatterload_null                     0x0800d0d0   Section        2  handlers.o(i.__scatterload_null)
    i.__scatterload_zeroinit                 0x0800d0d2   Section       14  handlers.o(i.__scatterload_zeroinit)
    .constdata                               0x0800d0e0   Section     1028  ano_math.o(.constdata)
    .conststring                             0x0800d4e4   Section       72  misc.o(.conststring)
    .conststring                             0x0800d52c   Section       81  stm32f4xx_adc.o(.conststring)
    .conststring                             0x0800d580   Section       81  stm32f4xx_dma.o(.conststring)
    .conststring                             0x0800d5d4   Section       82  stm32f4xx_exti.o(.conststring)
    .conststring                             0x0800d628   Section       82  stm32f4xx_gpio.o(.conststring)
    .conststring                             0x0800d67c   Section       81  stm32f4xx_rcc.o(.conststring)
    .conststring                             0x0800d6d0   Section       81  stm32f4xx_tim.o(.conststring)
    .conststring                             0x0800d724   Section       83  stm32f4xx_usart.o(.conststring)
    .data                                    0x20000000   Section       84  ano_scheduler.o(.data)
    sched_tasks                              0x20000000   Data          84  ano_scheduler.o(.data)
    .data                                    0x20000054   Section        6  user_task.o(.data)
    one_key_takeoff_f                        0x20000054   Data           1  user_task.o(.data)
    one_key_land_f                           0x20000055   Data           1  user_task.o(.data)
    one_key_mission_f                        0x20000056   Data           1  user_task.o(.data)
    mission_step                             0x20000057   Data           1  user_task.o(.data)
    time_dly_cnt_ms                          0x20000058   Data           2  user_task.o(.data)
    .data                                    0x2000005a   Section        6  ano_dt_lx.o(.data)
    DT_data_cnt                              0x2000005a   Data           1  ano_dt_lx.o(.data)
    repeat_cnt                               0x2000005b   Data           1  ano_dt_lx.o(.data)
    _data_len                                0x2000005c   Data           1  ano_dt_lx.o(.data)
    _data_cnt                                0x2000005d   Data           1  ano_dt_lx.o(.data)
    rxstate                                  0x2000005e   Data           1  ano_dt_lx.o(.data)
    time_dly                                 0x2000005f   Data           1  ano_dt_lx.o(.data)
    .data                                    0x20000060   Section       30  ano_lx.o(.data)
    fail_safe_change_mod                     0x20000071   Data           1  ano_lx.o(.data)
    fail_safe_return_home                    0x20000072   Data           1  ano_lx.o(.data)
    mod_f                                    0x20000073   Data           3  ano_lx.o(.data)
    mod_f_time_cnt                           0x20000076   Data           2  ano_lx.o(.data)
    esc_calibrated                           0x20000078   Data           1  ano_lx.o(.data)
    tmp_cnt                                  0x2000007a   Data           4  ano_lx.o(.data)
    .data                                    0x2000007e   Section        4  lx_fc_ext_sensor.o(.data)
    of_update_cnt                            0x2000007e   Data           1  lx_fc_ext_sensor.o(.data)
    of_alt_update_cnt                        0x2000007f   Data           1  lx_fc_ext_sensor.o(.data)
    dT_ms                                    0x20000080   Data           1  lx_fc_ext_sensor.o(.data)
    of_alt_update_cnt                        0x20000081   Data           1  lx_fc_ext_sensor.o(.data)
    .data                                    0x20000082   Section       13  lx_fc_fun.o(.data)
    old_mode                                 0x20000082   Data           1  lx_fc_fun.o(.data)
    dly_cnt                                  0x20000084   Data           2  lx_fc_fun.o(.data)
    compensate_step                          0x20000086   Data           1  lx_fc_fun.o(.data)
    compensate_step                          0x20000087   Data           1  lx_fc_fun.o(.data)
    compensate_step                          0x20000088   Data           1  lx_fc_fun.o(.data)
    compensate_step                          0x20000089   Data           1  lx_fc_fun.o(.data)
    avoid_step                               0x2000008a   Data           1  lx_fc_fun.o(.data)
    move_step                                0x2000008b   Data           1  lx_fc_fun.o(.data)
    move_step                                0x2000008c   Data           1  lx_fc_fun.o(.data)
    move_step                                0x2000008d   Data           1  lx_fc_fun.o(.data)
    move_step                                0x2000008e   Data           1  lx_fc_fun.o(.data)
    .data                                    0x20000090   Section        6  lx_fc_state.o(.data)
    time_dly_cnt_ms                          0x20000092   Data           2  lx_fc_state.o(.data)
    unlock_lock_flag                         0x20000094   Data           1  lx_fc_state.o(.data)
    cali_f                                   0x20000095   Data           1  lx_fc_state.o(.data)
    .data                                    0x20000098   Section       19  drv_bsp.o(.data)
    ch_sta                                   0x20000098   Data           1  drv_bsp.o(.data)
    sbus_time                                0x2000009c   Data           8  drv_bsp.o(.data)
    cnt                                      0x200000a4   Data           1  drv_bsp.o(.data)
    frame_cnt                                0x200000a5   Data           1  drv_bsp.o(.data)
    cnt_tmp                                  0x200000a6   Data           1  drv_bsp.o(.data)
    time_dly                                 0x200000a8   Data           2  drv_bsp.o(.data)
    failsafe                                 0x200000aa   Data           1  drv_bsp.o(.data)
    .data                                    0x200000ab   Section        3  drv_anoof.o(.data)
    _data_len                                0x200000ab   Data           1  drv_anoof.o(.data)
    _data_cnt                                0x200000ac   Data           1  drv_anoof.o(.data)
    rxstate                                  0x200000ad   Data           1  drv_anoof.o(.data)
    .data                                    0x200000ae   Section      182  drv_ubloxgps.o(.data)
    protocol_class                           0x2000015d   Data           1  drv_ubloxgps.o(.data)
    protocol_id                              0x2000015e   Data           1  drv_ubloxgps.o(.data)
    protocol_length_t                        0x2000015f   Data           1  drv_ubloxgps.o(.data)
    protocol_length                          0x20000160   Data           2  drv_ubloxgps.o(.data)
    state                                    0x20000163   Data           1  drv_ubloxgps.o(.data)
    .data                                    0x20000168   Section        8  drv_sys.o(.data)
    SysRunTimeMs                             0x20000168   Data           8  drv_sys.o(.data)
    .data                                    0x20000170   Section       12  drv_led.o(.data)
    led_cnt                                  0x20000174   Data           8  drv_led.o(.data)
    .data                                    0x2000017c   Section        4  drv_rcin.o(.data)
    temp_cnt                                 0x2000017c   Data           4  drv_rcin.o(.data)
    .data                                    0x20000180   Section       20  drv_uart.o(.data)
    .data                                    0x20000194   Section       20  system_stm32f4xx.o(.data)
    .data                                    0x200001a8   Section       16  stm32f4xx_rcc.o(.data)
    APBAHBPrescTable                         0x200001a8   Data          16  stm32f4xx_rcc.o(.data)
    .data                                    0x200001b8   Section       30  uart_receive.o(.data)
    parse_state                              0x200001ce   Data           1  uart_receive.o(.data)
    cmd_type                                 0x200001cf   Data           1  uart_receive.o(.data)
    data_index                               0x200001d0   Data           1  uart_receive.o(.data)
    temp_buffer                              0x200001d1   Data           5  uart_receive.o(.data)
    .bss                                     0x200001d8   Section     1872  ano_dt_lx.o(.bss)
    DT_RxBuffer                              0x20000828   Data         256  ano_dt_lx.o(.bss)
    .bss                                     0x20000928   Section       56  ano_lx.o(.bss)
    pwm                                      0x20000950   Data          16  ano_lx.o(.bss)
    .bss                                     0x20000960   Section       48  lx_fc_ext_sensor.o(.bss)
    .bss                                     0x20000990   Section       11  lx_fc_state.o(.bss)
    .bss                                     0x2000099c   Section      107  drv_bsp.o(.bss)
    datatmp                                  0x200009ee   Data          25  drv_bsp.o(.bss)
    .bss                                     0x20000a08   Section      124  drv_anoof.o(.bss)
    _datatemp                                0x20000a44   Data          50  drv_anoof.o(.bss)
    check_time_ms                            0x20000a78   Data          12  drv_anoof.o(.bss)
    .bss                                     0x20000a84   Section      100  drv_ubloxgps.o(.bss)
    .bss                                     0x20000ae8   Section      100  drv_adc.o(.bss)
    .bss                                     0x20000b4c   Section     1780  drv_uart.o(.bss)
    .bss                                     0x20001240   Section       12  uart_receive.o(.bss)
    STACK                                    0x20001250   Section     2048  startup_stm32f4xx.o(STACK)

    Global Symbols

    Symbol Name                              Value     Ov Type        Size  Object(Section)

    BuildAttributes$$THM_ISAv4$E$P$D$K$B$S$7EM$VFPi3$EXTD16$VFPS$VFMA$PE$A:L22UL41UL21$X:L11$S22US41US21$IEEE1$IW$USESV6$~STKCKD$USESV7$~SHL$OTIME$ROPI$EBA8$MICROLIB$REQ8$PRES8$EABIv2 0x00000000   Number         0  anon$$obj.o ABSOLUTE
    __ARM_use_no_argv                        0x00000000   Number         0  main.o ABSOLUTE
    __cpp_initialize__aeabi_                  - Undefined Weak Reference
    __cxa_finalize                            - Undefined Weak Reference
    _clock_init                               - Undefined Weak Reference
    _microlib_exit                            - Undefined Weak Reference
    __Vectors_Size                           0x00000188   Number         0  startup_stm32f4xx.o ABSOLUTE
    __Vectors                                0x08000000   Data           4  startup_stm32f4xx.o(RESET)
    __Vectors_End                            0x08000188   Data           0  startup_stm32f4xx.o(RESET)
    __main                                   0x08000189   Thumb Code     0  entry.o(.ARM.Collect$$$$00000000)
    _main_stk                                0x08000189   Thumb Code     0  entry2.o(.ARM.Collect$$$$00000001)
    _main_scatterload                        0x0800018d   Thumb Code     0  entry5.o(.ARM.Collect$$$$00000004)
    __main_after_scatterload                 0x08000191   Thumb Code     0  entry5.o(.ARM.Collect$$$$00000004)
    _main_clock                              0x08000191   Thumb Code     0  entry7b.o(.ARM.Collect$$$$00000008)
    _main_cpp_init                           0x08000191   Thumb Code     0  entry8b.o(.ARM.Collect$$$$0000000A)
    _main_init                               0x08000191   Thumb Code     0  entry9a.o(.ARM.Collect$$$$0000000B)
    __rt_final_cpp                           0x08000199   Thumb Code     0  entry10a.o(.ARM.Collect$$$$0000000D)
    __rt_final_exit                          0x08000199   Thumb Code     0  entry11a.o(.ARM.Collect$$$$0000000F)
    assert_failed                            0x0800019d   Thumb Code     4  main.o(.text)
    main                                     0x080001a1   Thumb Code    16  main.o(.text)
    Scheduler_Setup                          0x080001c5   Thumb Code    76  ano_scheduler.o(.text)
    Scheduler_Run                            0x08000211   Thumb Code    76  ano_scheduler.o(.text)
    UserTask_OneKeyCmd                       0x08000261   Thumb Code   732  user_task.o(.text)
    ANO_DT_Init                              0x08000559   Thumb Code   166  ano_dt_lx.o(.text)
    CK_Back                                  0x0800060f   Thumb Code    12  ano_dt_lx.o(.text)
    PAR_Back                                 0x0800061b   Thumb Code    14  ano_dt_lx.o(.text)
    ANO_DT_LX_Data_Receive_Prepare           0x0800080f   Thumb Code   258  ano_dt_lx.o(.text)
    CMD_Send                                 0x08000c15   Thumb Code    22  ano_dt_lx.o(.text)
    ANO_LX_Data_Exchange_Task                0x08000c2b   Thumb Code    68  ano_dt_lx.o(.text)
    ANO_LX_Task                              0x080010c7   Thumb Code   248  ano_lx.o(.text)
    LX_FC_EXT_Sensor_Task                    0x080011c9   Thumb Code    78  lx_fc_ext_sensor.o(.text)
    FC_Unlock                                0x080012ad   Thumb Code    56  lx_fc_fun.o(.text)
    FC_Lock                                  0x080012e5   Thumb Code    56  lx_fc_fun.o(.text)
    LX_Change_Mode                           0x0800131d   Thumb Code    80  lx_fc_fun.o(.text)
    OneKey_Return_Home                       0x0800136d   Thumb Code    50  lx_fc_fun.o(.text)
    Get_target_position                      0x0800139f   Thumb Code   166  lx_fc_fun.o(.text)
    time_dly_cnt                             0x08001445   Thumb Code    36  lx_fc_fun.o(.text)
    Horizontal_Move                          0x08001469   Thumb Code   112  lx_fc_fun.o(.text)
    XY_Compensate                            0x080014d9   Thumb Code   266  lx_fc_fun.o(.text)
    MoveXY                                   0x080015e3   Thumb Code   206  lx_fc_fun.o(.text)
    XY_Compensate_2                          0x080016b1   Thumb Code   164  lx_fc_fun.o(.text)
    Position_Compensate                      0x08001755   Thumb Code   280  lx_fc_fun.o(.text)
    Position_Compensate_2                    0x0800186d   Thumb Code   178  lx_fc_fun.o(.text)
    Obstacle_Aviod                           0x0800191f   Thumb Code   290  lx_fc_fun.o(.text)
    OneKey_Takeoff                           0x08001a41   Thumb Code    74  lx_fc_fun.o(.text)
    OneKey_Land                              0x08001a8b   Thumb Code    56  lx_fc_fun.o(.text)
    Horizontal_Move_delay                    0x08001ac3   Thumb Code   132  lx_fc_fun.o(.text)
    Move_XY_delay                            0x08001b47   Thumb Code    94  lx_fc_fun.o(.text)
    Target_Height                            0x08001ba5   Thumb Code    88  lx_fc_fun.o(.text)
    Target_Height_delay                      0x08001bfd   Thumb Code    82  lx_fc_fun.o(.text)
    Up_Height                                0x08001c4f   Thumb Code    82  lx_fc_fun.o(.text)
    Down_Height                              0x08001ca1   Thumb Code    80  lx_fc_fun.o(.text)
    Yaw_Right_Rotate                         0x08001cf1   Thumb Code    82  lx_fc_fun.o(.text)
    Yaw_Left_Rotate                          0x08001d43   Thumb Code    82  lx_fc_fun.o(.text)
    Yaw_Rotate_delay                         0x08001d95   Thumb Code   112  lx_fc_fun.o(.text)
    Horizontal_Calibrate                     0x08001e05   Thumb Code    50  lx_fc_fun.o(.text)
    Mag_Calibrate                            0x08001e37   Thumb Code    50  lx_fc_fun.o(.text)
    ACC_Calibrate                            0x08001e69   Thumb Code    50  lx_fc_fun.o(.text)
    GYR_Calibrate                            0x08001e9b   Thumb Code    50  lx_fc_fun.o(.text)
    LX_Cali_Trig_Check                       0x0800209b   Thumb Code   150  lx_fc_state.o(.text)
    LX_FC_State_Task                         0x08002131   Thumb Code    26  lx_fc_state.o(.text)
    DrvRcInputInit                           0x08002169   Thumb Code    20  drv_bsp.o(.text)
    All_Init                                 0x0800217d   Thumb Code    98  drv_bsp.o(.text)
    DrvPpmGetOneCh                           0x080021df   Thumb Code    92  drv_bsp.o(.text)
    DrvSbusGetOneByte                        0x0800223b   Thumb Code   560  drv_bsp.o(.text)
    DrvRcInputTask                           0x08002513   Thumb Code   284  drv_bsp.o(.text)
    my_abs                                   0x08002641   Thumb Code    26  ano_math.o(.text)
    fast_atan2                               0x0800265b   Thumb Code   350  ano_math.o(.text)
    my_atan                                  0x080027b9   Thumb Code    24  ano_math.o(.text)
    my_sqrt_reciprocal                       0x080027d1   Thumb Code    76  ano_math.o(.text)
    my_sqrt                                  0x0800281d   Thumb Code    20  ano_math.o(.text)
    mx_sin                                   0x08002831   Thumb Code   292  ano_math.o(.text)
    my_sin                                   0x08002955   Thumb Code   108  ano_math.o(.text)
    my_cos                                   0x080029c1   Thumb Code   136  ano_math.o(.text)
    my_deadzone                              0x08002a49   Thumb Code   152  ano_math.o(.text)
    my_deadzone_2                            0x08002ae1   Thumb Code    48  ano_math.o(.text)
    my_HPF                                   0x08002b11   Thumb Code   346  ano_math.o(.text)
    To_180_degrees_db                        0x08002c6b   Thumb Code   108  ano_math.o(.text)
    length_limit                             0x08002cd7   Thumb Code   140  ano_math.o(.text)
    fifo                                     0x08002d63   Thumb Code    42  ano_math.o(.text)
    rot_vec_2                                0x08002d8d   Thumb Code    84  ano_math.o(.text)
    vec_2_cross_product                      0x08002de1   Thumb Code    26  ano_math.o(.text)
    vec_2_dot_product                        0x08002dfb   Thumb Code    26  ano_math.o(.text)
    vec_3_cross_product_err_sinx             0x08002e15   Thumb Code    86  ano_math.o(.text)
    vec_3_dot_product                        0x08002e6b   Thumb Code    38  ano_math.o(.text)
    AnoOF_Check_State                        0x08002ebd   Thumb Code   180  drv_anoof.o(.text)
    AnoOF_GetOneByte                         0x080030dd   Thumb Code   252  drv_anoof.o(.text)
    GPS_Data_Prepare_Task                    0x080031fd   Thumb Code   306  drv_ubloxgps.o(.text)
    GPS_Rate_H                               0x0800332f   Thumb Code    12  drv_ubloxgps.o(.text)
    GPS_Rate_L                               0x0800333b   Thumb Code    12  drv_ubloxgps.o(.text)
    Init_GPS                                 0x08003347   Thumb Code   196  drv_ubloxgps.o(.text)
    UBLOX_M8_GPS_Data_Receive                0x0800340b   Thumb Code   328  drv_ubloxgps.o(.text)
    NMI_Handler                              0x080035a5   Thumb Code     2  stm32f4xx_it.o(.text)
    MemManage_Handler                        0x080035a7   Thumb Code     4  stm32f4xx_it.o(.text)
    BusFault_Handler                         0x080035ab   Thumb Code     4  stm32f4xx_it.o(.text)
    UsageFault_Handler                       0x080035af   Thumb Code     4  stm32f4xx_it.o(.text)
    SVC_Handler                              0x080035b3   Thumb Code     2  stm32f4xx_it.o(.text)
    DebugMon_Handler                         0x080035b5   Thumb Code     2  stm32f4xx_it.o(.text)
    EXTI9_5_IRQHandler                       0x080035b7   Thumb Code    18  stm32f4xx_it.o(.text)
    TIM3_IRQHandler                          0x080035c9   Thumb Code     8  stm32f4xx_it.o(.text)
    TIM4_IRQHandler                          0x080035d1   Thumb Code     2  stm32f4xx_it.o(.text)
    TIM7_IRQHandler                          0x080035d3   Thumb Code    26  stm32f4xx_it.o(.text)
    USART1_IRQHandler                        0x080035ed   Thumb Code     8  stm32f4xx_it.o(.text)
    USART2_IRQHandler                        0x080035f5   Thumb Code     8  stm32f4xx_it.o(.text)
    USART3_IRQHandler                        0x080035fd   Thumb Code     8  stm32f4xx_it.o(.text)
    UART4_IRQHandler                         0x08003605   Thumb Code     8  stm32f4xx_it.o(.text)
    UART5_IRQHandler                         0x0800360d   Thumb Code     8  stm32f4xx_it.o(.text)
    USART6_IRQHandler                        0x08003615   Thumb Code     8  stm32f4xx_it.o(.text)
    SysTick_Init                             0x08003621   Thumb Code   100  drv_sys.o(.text)
    SysTick_Handler                          0x08003685   Thumb Code    20  drv_sys.o(.text)
    GetSysRunTimeMs                          0x08003699   Thumb Code     6  drv_sys.o(.text)
    GetSysRunTimeUs                          0x0800369f   Thumb Code    62  drv_sys.o(.text)
    MyDelayUs                                0x080036dd   Thumb Code    24  drv_sys.o(.text)
    MyDelayMs                                0x080036f5   Thumb Code    24  drv_sys.o(.text)
    DrvSysInit                               0x0800370d   Thumb Code    16  drv_sys.o(.text)
    DrvAdcInit                               0x08003795   Thumb Code   168  drv_adc.o(.text)
    Drv_AdcGetBatVot                         0x0800383d   Thumb Code    92  drv_adc.o(.text)
    DvrLedInit                               0x080038bd   Thumb Code   112  drv_led.o(.text)
    LED_On_Off                               0x0800392d   Thumb Code    82  drv_led.o(.text)
    LED_1ms_DRV                              0x0800397f   Thumb Code    78  drv_led.o(.text)
    DrvPwmOutInit                            0x080039d9   Thumb Code   742  drv_pwmout.o(.text)
    DrvMotorPWMSet                           0x08003cbf   Thumb Code   112  drv_pwmout.o(.text)
    DrvRcPpmInit                             0x08003d55   Thumb Code   176  drv_rcin.o(.text)
    PPM_IRQH                                 0x08003e05   Thumb Code    82  drv_rcin.o(.text)
    DrvRcSbusInit                            0x08003e57   Thumb Code   166  drv_rcin.o(.text)
    Sbus_IRQH                                0x08003efd   Thumb Code    40  drv_rcin.o(.text)
    TIM_CONF                                 0x08003f39   Thumb Code    80  drv_timer.o(.text)
    TIM_NVIC                                 0x08003f89   Thumb Code    32  drv_timer.o(.text)
    DrvTimerFcInit                           0x08003fa9   Thumb Code    24  drv_timer.o(.text)
    NoUse                                    0x08003fc5   Thumb Code     2  drv_uart.o(.text)
    DrvUart1Init                             0x08003fc7   Thumb Code   246  drv_uart.o(.text)
    DrvUart1SendBuf                          0x080040bd   Thumb Code    60  drv_uart.o(.text)
    drvU1GetByte                             0x080040f9   Thumb Code    32  drv_uart.o(.text)
    drvU1DataCheck                           0x08004119   Thumb Code    52  drv_uart.o(.text)
    Usart1_IRQ                               0x0800414d   Thumb Code   110  drv_uart.o(.text)
    DrvUart2Init                             0x080041bb   Thumb Code   234  drv_uart.o(.text)
    DrvUart2SendBuf                          0x080042a5   Thumb Code    62  drv_uart.o(.text)
    drvU2GetByte                             0x080042e3   Thumb Code    32  drv_uart.o(.text)
    drvU2DataCheck                           0x08004303   Thumb Code    52  drv_uart.o(.text)
    Usart2_IRQ                               0x08004337   Thumb Code   120  drv_uart.o(.text)
    DrvUart3Init                             0x080043af   Thumb Code   312  drv_uart.o(.text)
    DrvUart3SendBuf                          0x080044e7   Thumb Code    62  drv_uart.o(.text)
    drvU3GetByte                             0x08004525   Thumb Code    32  drv_uart.o(.text)
    drvU3DataCheck                           0x08004545   Thumb Code    52  drv_uart.o(.text)
    Usart3_IRQ                               0x08004579   Thumb Code   120  drv_uart.o(.text)
    DrvUart4Init                             0x080045f1   Thumb Code   200  drv_uart.o(.text)
    DrvUart4SendBuf                          0x080046b9   Thumb Code    62  drv_uart.o(.text)
    drvU4GetByte                             0x080046f7   Thumb Code    32  drv_uart.o(.text)
    drvU4DataCheck                           0x08004717   Thumb Code    52  drv_uart.o(.text)
    Uart4_IRQ                                0x0800474b   Thumb Code   120  drv_uart.o(.text)
    DrvUart5Init                             0x080047c3   Thumb Code   288  drv_uart.o(.text)
    DrvUart5SendBuf                          0x080048e3   Thumb Code    60  drv_uart.o(.text)
    drvU5GetByte                             0x0800491f   Thumb Code    32  drv_uart.o(.text)
    drvU5DataCheck                           0x0800493f   Thumb Code    52  drv_uart.o(.text)
    Uart5_IRQ                                0x08004973   Thumb Code   110  drv_uart.o(.text)
    DrvUartDataCheck                         0x080049e1   Thumb Code    24  drv_uart.o(.text)
    Reset_Handler                            0x08004a15   Thumb Code     8  startup_stm32f4xx.o(.text)
    HardFault_Handler                        0x08004a1f   Thumb Code     2  startup_stm32f4xx.o(.text)
    PendSV_Handler                           0x08004a2b   Thumb Code     2  startup_stm32f4xx.o(.text)
    ADC_IRQHandler                           0x08004a2f   Thumb Code     0  startup_stm32f4xx.o(.text)
    CAN1_RX0_IRQHandler                      0x08004a2f   Thumb Code     0  startup_stm32f4xx.o(.text)
    CAN1_RX1_IRQHandler                      0x08004a2f   Thumb Code     0  startup_stm32f4xx.o(.text)
    CAN1_SCE_IRQHandler                      0x08004a2f   Thumb Code     0  startup_stm32f4xx.o(.text)
    CAN1_TX_IRQHandler                       0x08004a2f   Thumb Code     0  startup_stm32f4xx.o(.text)
    CAN2_RX0_IRQHandler                      0x08004a2f   Thumb Code     0  startup_stm32f4xx.o(.text)
    CAN2_RX1_IRQHandler                      0x08004a2f   Thumb Code     0  startup_stm32f4xx.o(.text)
    CAN2_SCE_IRQHandler                      0x08004a2f   Thumb Code     0  startup_stm32f4xx.o(.text)
    CAN2_TX_IRQHandler                       0x08004a2f   Thumb Code     0  startup_stm32f4xx.o(.text)
    CRYP_IRQHandler                          0x08004a2f   Thumb Code     0  startup_stm32f4xx.o(.text)
    DCMI_IRQHandler                          0x08004a2f   Thumb Code     0  startup_stm32f4xx.o(.text)
    DMA1_Stream0_IRQHandler                  0x08004a2f   Thumb Code     0  startup_stm32f4xx.o(.text)
    DMA1_Stream1_IRQHandler                  0x08004a2f   Thumb Code     0  startup_stm32f4xx.o(.text)
    DMA1_Stream2_IRQHandler                  0x08004a2f   Thumb Code     0  startup_stm32f4xx.o(.text)
    DMA1_Stream3_IRQHandler                  0x08004a2f   Thumb Code     0  startup_stm32f4xx.o(.text)
    DMA1_Stream4_IRQHandler                  0x08004a2f   Thumb Code     0  startup_stm32f4xx.o(.text)
    DMA1_Stream5_IRQHandler                  0x08004a2f   Thumb Code     0  startup_stm32f4xx.o(.text)
    DMA1_Stream6_IRQHandler                  0x08004a2f   Thumb Code     0  startup_stm32f4xx.o(.text)
    DMA1_Stream7_IRQHandler                  0x08004a2f   Thumb Code     0  startup_stm32f4xx.o(.text)
    DMA2_Stream0_IRQHandler                  0x08004a2f   Thumb Code     0  startup_stm32f4xx.o(.text)
    DMA2_Stream1_IRQHandler                  0x08004a2f   Thumb Code     0  startup_stm32f4xx.o(.text)
    DMA2_Stream2_IRQHandler                  0x08004a2f   Thumb Code     0  startup_stm32f4xx.o(.text)
    DMA2_Stream3_IRQHandler                  0x08004a2f   Thumb Code     0  startup_stm32f4xx.o(.text)
    DMA2_Stream4_IRQHandler                  0x08004a2f   Thumb Code     0  startup_stm32f4xx.o(.text)
    DMA2_Stream5_IRQHandler                  0x08004a2f   Thumb Code     0  startup_stm32f4xx.o(.text)
    DMA2_Stream6_IRQHandler                  0x08004a2f   Thumb Code     0  startup_stm32f4xx.o(.text)
    DMA2_Stream7_IRQHandler                  0x08004a2f   Thumb Code     0  startup_stm32f4xx.o(.text)
    ETH_IRQHandler                           0x08004a2f   Thumb Code     0  startup_stm32f4xx.o(.text)
    ETH_WKUP_IRQHandler                      0x08004a2f   Thumb Code     0  startup_stm32f4xx.o(.text)
    EXTI0_IRQHandler                         0x08004a2f   Thumb Code     0  startup_stm32f4xx.o(.text)
    EXTI15_10_IRQHandler                     0x08004a2f   Thumb Code     0  startup_stm32f4xx.o(.text)
    EXTI1_IRQHandler                         0x08004a2f   Thumb Code     0  startup_stm32f4xx.o(.text)
    EXTI2_IRQHandler                         0x08004a2f   Thumb Code     0  startup_stm32f4xx.o(.text)
    EXTI3_IRQHandler                         0x08004a2f   Thumb Code     0  startup_stm32f4xx.o(.text)
    EXTI4_IRQHandler                         0x08004a2f   Thumb Code     0  startup_stm32f4xx.o(.text)
    FLASH_IRQHandler                         0x08004a2f   Thumb Code     0  startup_stm32f4xx.o(.text)
    FPU_IRQHandler                           0x08004a2f   Thumb Code     0  startup_stm32f4xx.o(.text)
    FSMC_IRQHandler                          0x08004a2f   Thumb Code     0  startup_stm32f4xx.o(.text)
    HASH_RNG_IRQHandler                      0x08004a2f   Thumb Code     0  startup_stm32f4xx.o(.text)
    I2C1_ER_IRQHandler                       0x08004a2f   Thumb Code     0  startup_stm32f4xx.o(.text)
    I2C1_EV_IRQHandler                       0x08004a2f   Thumb Code     0  startup_stm32f4xx.o(.text)
    I2C2_ER_IRQHandler                       0x08004a2f   Thumb Code     0  startup_stm32f4xx.o(.text)
    I2C2_EV_IRQHandler                       0x08004a2f   Thumb Code     0  startup_stm32f4xx.o(.text)
    I2C3_ER_IRQHandler                       0x08004a2f   Thumb Code     0  startup_stm32f4xx.o(.text)
    I2C3_EV_IRQHandler                       0x08004a2f   Thumb Code     0  startup_stm32f4xx.o(.text)
    OTG_FS_IRQHandler                        0x08004a2f   Thumb Code     0  startup_stm32f4xx.o(.text)
    OTG_FS_WKUP_IRQHandler                   0x08004a2f   Thumb Code     0  startup_stm32f4xx.o(.text)
    OTG_HS_EP1_IN_IRQHandler                 0x08004a2f   Thumb Code     0  startup_stm32f4xx.o(.text)
    OTG_HS_EP1_OUT_IRQHandler                0x08004a2f   Thumb Code     0  startup_stm32f4xx.o(.text)
    OTG_HS_IRQHandler                        0x08004a2f   Thumb Code     0  startup_stm32f4xx.o(.text)
    OTG_HS_WKUP_IRQHandler                   0x08004a2f   Thumb Code     0  startup_stm32f4xx.o(.text)
    PVD_IRQHandler                           0x08004a2f   Thumb Code     0  startup_stm32f4xx.o(.text)
    RCC_IRQHandler                           0x08004a2f   Thumb Code     0  startup_stm32f4xx.o(.text)
    RTC_Alarm_IRQHandler                     0x08004a2f   Thumb Code     0  startup_stm32f4xx.o(.text)
    RTC_WKUP_IRQHandler                      0x08004a2f   Thumb Code     0  startup_stm32f4xx.o(.text)
    SDIO_IRQHandler                          0x08004a2f   Thumb Code     0  startup_stm32f4xx.o(.text)
    SPI1_IRQHandler                          0x08004a2f   Thumb Code     0  startup_stm32f4xx.o(.text)
    SPI2_IRQHandler                          0x08004a2f   Thumb Code     0  startup_stm32f4xx.o(.text)
    SPI3_IRQHandler                          0x08004a2f   Thumb Code     0  startup_stm32f4xx.o(.text)
    TAMP_STAMP_IRQHandler                    0x08004a2f   Thumb Code     0  startup_stm32f4xx.o(.text)
    TIM1_BRK_TIM9_IRQHandler                 0x08004a2f   Thumb Code     0  startup_stm32f4xx.o(.text)
    TIM1_CC_IRQHandler                       0x08004a2f   Thumb Code     0  startup_stm32f4xx.o(.text)
    TIM1_TRG_COM_TIM11_IRQHandler            0x08004a2f   Thumb Code     0  startup_stm32f4xx.o(.text)
    TIM1_UP_TIM10_IRQHandler                 0x08004a2f   Thumb Code     0  startup_stm32f4xx.o(.text)
    TIM2_IRQHandler                          0x08004a2f   Thumb Code     0  startup_stm32f4xx.o(.text)
    TIM5_IRQHandler                          0x08004a2f   Thumb Code     0  startup_stm32f4xx.o(.text)
    TIM6_DAC_IRQHandler                      0x08004a2f   Thumb Code     0  startup_stm32f4xx.o(.text)
    TIM8_BRK_TIM12_IRQHandler                0x08004a2f   Thumb Code     0  startup_stm32f4xx.o(.text)
    TIM8_CC_IRQHandler                       0x08004a2f   Thumb Code     0  startup_stm32f4xx.o(.text)
    TIM8_TRG_COM_TIM14_IRQHandler            0x08004a2f   Thumb Code     0  startup_stm32f4xx.o(.text)
    TIM8_UP_TIM13_IRQHandler                 0x08004a2f   Thumb Code     0  startup_stm32f4xx.o(.text)
    WWDG_IRQHandler                          0x08004a2f   Thumb Code     0  startup_stm32f4xx.o(.text)
    SystemInit                               0x08004b15   Thumb Code    88  system_stm32f4xx.o(.text)
    SystemCoreClockUpdate                    0x08004b6d   Thumb Code   174  system_stm32f4xx.o(.text)
    NVIC_PriorityGroupConfig                 0x08004c49   Thumb Code    54  misc.o(.text)
    NVIC_Init                                0x08004c7f   Thumb Code   164  misc.o(.text)
    NVIC_SetVectorTable                      0x08004d23   Thumb Code    60  misc.o(.text)
    NVIC_SystemLPConfig                      0x08004d5f   Thumb Code    78  misc.o(.text)
    SysTick_CLKSourceConfig                  0x08004dad   Thumb Code    62  misc.o(.text)
    ADC_DeInit                               0x08004e09   Thumb Code    22  stm32f4xx_adc.o(.text)
    ADC_Init                                 0x08004e1f   Thumb Code   402  stm32f4xx_adc.o(.text)
    ADC_StructInit                           0x08004fb1   Thumb Code    20  stm32f4xx_adc.o(.text)
    ADC_CommonInit                           0x08004fc5   Thumb Code   342  stm32f4xx_adc.o(.text)
    ADC_CommonStructInit                     0x0800511b   Thumb Code    12  stm32f4xx_adc.o(.text)
    ADC_Cmd                                  0x08005127   Thumb Code    76  stm32f4xx_adc.o(.text)
    ADC_AnalogWatchdogCmd                    0x08005173   Thumb Code   102  stm32f4xx_adc.o(.text)
    ADC_AnalogWatchdogThresholdsConfig       0x080051d9   Thumb Code   126  stm32f4xx_adc.o(.text)
    ADC_AnalogWatchdogSingleChannelConfig    0x08005257   Thumb Code   136  stm32f4xx_adc.o(.text)
    ADC_TempSensorVrefintCmd                 0x080052df   Thumb Code    56  stm32f4xx_adc.o(.text)
    ADC_VBATCmd                              0x08005317   Thumb Code    56  stm32f4xx_adc.o(.text)
    ADC_RegularChannelConfig                 0x0800534f   Thumb Code   408  stm32f4xx_adc.o(.text)
    ADC_SoftwareStartConv                    0x080054e7   Thumb Code    44  stm32f4xx_adc.o(.text)
    ADC_GetSoftwareStartConvStatus           0x08005513   Thumb Code    54  stm32f4xx_adc.o(.text)
    ADC_EOCOnEachRegularChannelCmd           0x08005549   Thumb Code    76  stm32f4xx_adc.o(.text)
    ADC_ContinuousModeCmd                    0x08005595   Thumb Code    76  stm32f4xx_adc.o(.text)
    ADC_DiscModeChannelCountConfig           0x080055e1   Thumb Code   100  stm32f4xx_adc.o(.text)
    ADC_DiscModeCmd                          0x08005645   Thumb Code    76  stm32f4xx_adc.o(.text)
    ADC_GetConversionValue                   0x08005691   Thumb Code    40  stm32f4xx_adc.o(.text)
    ADC_GetMultiModeConversionValue          0x080056b9   Thumb Code     6  stm32f4xx_adc.o(.text)
    ADC_DMACmd                               0x080056bf   Thumb Code    76  stm32f4xx_adc.o(.text)
    ADC_DMARequestAfterLastTransferCmd       0x0800570b   Thumb Code    76  stm32f4xx_adc.o(.text)
    ADC_MultiModeDMARequestAfterLastTransferCmd 0x08005757   Thumb Code    60  stm32f4xx_adc.o(.text)
    ADC_InjectedChannelConfig                0x08005793   Thumb Code   332  stm32f4xx_adc.o(.text)
    ADC_InjectedSequencerLengthConfig        0x080058df   Thumb Code    80  stm32f4xx_adc.o(.text)
    ADC_SetInjectedOffset                    0x0800592f   Thumb Code   102  stm32f4xx_adc.o(.text)
    ADC_ExternalTrigInjectedConvConfig       0x08005995   Thumb Code   176  stm32f4xx_adc.o(.text)
    ADC_ExternalTrigInjectedConvEdgeConfig   0x08005a45   Thumb Code    82  stm32f4xx_adc.o(.text)
    ADC_SoftwareStartInjectedConv            0x08005a97   Thumb Code    44  stm32f4xx_adc.o(.text)
    ADC_GetSoftwareStartInjectedConvCmdStatus 0x08005ac3   Thumb Code    54  stm32f4xx_adc.o(.text)
    ADC_AutoInjectedConvCmd                  0x08005af9   Thumb Code    76  stm32f4xx_adc.o(.text)
    ADC_InjectedDiscModeCmd                  0x08005b45   Thumb Code    76  stm32f4xx_adc.o(.text)
    ADC_GetInjectedConversionValue           0x08005b91   Thumb Code    88  stm32f4xx_adc.o(.text)
    ADC_ITConfig                             0x08005be9   Thumb Code   130  stm32f4xx_adc.o(.text)
    ADC_GetFlagStatus                        0x08005c6b   Thumb Code    90  stm32f4xx_adc.o(.text)
    ADC_ClearFlag                            0x08005cc5   Thumb Code    62  stm32f4xx_adc.o(.text)
    ADC_GetITStatus                          0x08005d03   Thumb Code   122  stm32f4xx_adc.o(.text)
    ADC_ClearITPendingBit                    0x08005d7d   Thumb Code    88  stm32f4xx_adc.o(.text)
    DMA_DeInit                               0x08005de5   Thumb Code   462  stm32f4xx_dma.o(.text)
    DMA_Init                                 0x08005fb3   Thumb Code   684  stm32f4xx_dma.o(.text)
    DMA_StructInit                           0x0800625f   Thumb Code    34  stm32f4xx_dma.o(.text)
    DMA_Cmd                                  0x08006281   Thumb Code   182  stm32f4xx_dma.o(.text)
    DMA_PeriphIncOffsetSizeConfig            0x08006337   Thumb Code   184  stm32f4xx_dma.o(.text)
    DMA_FlowControllerConfig                 0x080063ef   Thumb Code   182  stm32f4xx_dma.o(.text)
    DMA_SetCurrDataCounter                   0x080064a5   Thumb Code   146  stm32f4xx_dma.o(.text)
    DMA_GetCurrDataCounter                   0x08006537   Thumb Code   146  stm32f4xx_dma.o(.text)
    DMA_DoubleBufferModeConfig               0x080065c9   Thumb Code   204  stm32f4xx_dma.o(.text)
    DMA_DoubleBufferModeCmd                  0x08006695   Thumb Code   182  stm32f4xx_dma.o(.text)
    DMA_MemoryTargetConfig                   0x0800674b   Thumb Code   174  stm32f4xx_dma.o(.text)
    DMA_GetCurrentMemoryTarget               0x080067f9   Thumb Code   160  stm32f4xx_dma.o(.text)
    DMA_GetCmdStatus                         0x08006899   Thumb Code   160  stm32f4xx_dma.o(.text)
    DMA_GetFIFOStatus                        0x08006939   Thumb Code   152  stm32f4xx_dma.o(.text)
    DMA_GetFlagStatus                        0x080069d1   Thumb Code   486  stm32f4xx_dma.o(.text)
    DMA_ClearFlag                            0x08006bb7   Thumb Code   216  stm32f4xx_dma.o(.text)
    DMA_ITConfig                             0x08006c8f   Thumb Code   238  stm32f4xx_dma.o(.text)
    DMA_GetITStatus                          0x08006d7d   Thumb Code   590  stm32f4xx_dma.o(.text)
    DMA_ClearITPendingBit                    0x08006fcb   Thumb Code   216  stm32f4xx_dma.o(.text)
    EXTI_DeInit                              0x0800714d   Thumb Code    28  stm32f4xx_exti.o(.text)
    EXTI_Init                                0x08007169   Thumb Code   236  stm32f4xx_exti.o(.text)
    EXTI_StructInit                          0x08007255   Thumb Code    16  stm32f4xx_exti.o(.text)
    EXTI_GenerateSWInterrupt                 0x08007265   Thumb Code    38  stm32f4xx_exti.o(.text)
    EXTI_GetFlagStatus                       0x0800728b   Thumb Code   158  stm32f4xx_exti.o(.text)
    EXTI_ClearFlag                           0x08007329   Thumb Code    30  stm32f4xx_exti.o(.text)
    EXTI_GetITStatus                         0x08007347   Thumb Code   172  stm32f4xx_exti.o(.text)
    EXTI_ClearITPendingBit                   0x080073f3   Thumb Code    32  stm32f4xx_exti.o(.text)
    GPIO_DeInit                              0x08007421   Thumb Code   284  stm32f4xx_gpio.o(.text)
    GPIO_Init                                0x0800753d   Thumb Code   342  stm32f4xx_gpio.o(.text)
    GPIO_StructInit                          0x08007693   Thumb Code    18  stm32f4xx_gpio.o(.text)
    GPIO_PinLockConfig                       0x080076a5   Thumb Code   122  stm32f4xx_gpio.o(.text)
    GPIO_ReadInputDataBit                    0x0800771f   Thumb Code   182  stm32f4xx_gpio.o(.text)
    GPIO_ReadInputData                       0x080077d5   Thumb Code   116  stm32f4xx_gpio.o(.text)
    GPIO_ReadOutputDataBit                   0x08007849   Thumb Code   182  stm32f4xx_gpio.o(.text)
    GPIO_ReadOutputData                      0x080078ff   Thumb Code    76  stm32f4xx_gpio.o(.text)
    GPIO_SetBits                             0x0800794b   Thumb Code    94  stm32f4xx_gpio.o(.text)
    GPIO_ResetBits                           0x080079a9   Thumb Code    94  stm32f4xx_gpio.o(.text)
    GPIO_WriteBit                            0x08007a07   Thumb Code   194  stm32f4xx_gpio.o(.text)
    GPIO_Write                               0x08007ac9   Thumb Code    76  stm32f4xx_gpio.o(.text)
    GPIO_ToggleBits                          0x08007b15   Thumb Code    80  stm32f4xx_gpio.o(.text)
    GPIO_PinAFConfig                         0x08007b65   Thumb Code   382  stm32f4xx_gpio.o(.text)
    RCC_DeInit                               0x08007ce9   Thumb Code    60  stm32f4xx_rcc.o(.text)
    RCC_HSEConfig                            0x08007d25   Thumb Code    38  stm32f4xx_rcc.o(.text)
    RCC_GetFlagStatus                        0x08007d4b   Thumb Code   130  stm32f4xx_rcc.o(.text)
    RCC_WaitForHSEStartUp                    0x08007dcd   Thumb Code    56  stm32f4xx_rcc.o(.text)
    RCC_AdjustHSICalibrationValue            0x08007e05   Thumb Code    38  stm32f4xx_rcc.o(.text)
    RCC_HSICmd                               0x08007e2b   Thumb Code    28  stm32f4xx_rcc.o(.text)
    RCC_LSEConfig                            0x08007e47   Thumb Code    72  stm32f4xx_rcc.o(.text)
    RCC_LSICmd                               0x08007e8f   Thumb Code    28  stm32f4xx_rcc.o(.text)
    RCC_PLLConfig                            0x08007eab   Thumb Code   156  stm32f4xx_rcc.o(.text)
    RCC_PLLCmd                               0x08007f47   Thumb Code    28  stm32f4xx_rcc.o(.text)
    RCC_PLLI2SConfig                         0x08007f63   Thumb Code    62  stm32f4xx_rcc.o(.text)
    RCC_PLLI2SCmd                            0x08007fa1   Thumb Code    28  stm32f4xx_rcc.o(.text)
    RCC_ClockSecuritySystemCmd               0x08007fbd   Thumb Code    28  stm32f4xx_rcc.o(.text)
    RCC_MCO1Config                           0x08007fd9   Thumb Code   102  stm32f4xx_rcc.o(.text)
    RCC_MCO2Config                           0x0800803f   Thumb Code   102  stm32f4xx_rcc.o(.text)
    RCC_SYSCLKConfig                         0x080080a5   Thumb Code    68  stm32f4xx_rcc.o(.text)
    RCC_GetSYSCLKSource                      0x080080e9   Thumb Code    10  stm32f4xx_rcc.o(.text)
    RCC_HCLKConfig                           0x080080f3   Thumb Code    66  stm32f4xx_rcc.o(.text)
    RCC_PCLK1Config                          0x08008135   Thumb Code    58  stm32f4xx_rcc.o(.text)
    RCC_PCLK2Config                          0x0800816f   Thumb Code    60  stm32f4xx_rcc.o(.text)
    RCC_GetClocksFreq                        0x080081ab   Thumb Code   214  stm32f4xx_rcc.o(.text)
    RCC_RTCCLKConfig                         0x08008281   Thumb Code   260  stm32f4xx_rcc.o(.text)
    RCC_RTCCLKCmd                            0x08008385   Thumb Code    28  stm32f4xx_rcc.o(.text)
    RCC_BackupResetCmd                       0x080083a1   Thumb Code    30  stm32f4xx_rcc.o(.text)
    RCC_I2SCLKConfig                         0x080083bf   Thumb Code    28  stm32f4xx_rcc.o(.text)
    RCC_AHB1PeriphClockCmd                   0x080083db   Thumb Code    78  stm32f4xx_rcc.o(.text)
    RCC_AHB2PeriphClockCmd                   0x08008429   Thumb Code    78  stm32f4xx_rcc.o(.text)
    RCC_AHB3PeriphClockCmd                   0x08008477   Thumb Code   234  stm32f4xx_rcc.o(.text)
    RCC_APB1PeriphClockCmd                   0x08008561   Thumb Code    70  stm32f4xx_rcc.o(.text)
    RCC_APB2PeriphClockCmd                   0x080085a7   Thumb Code    78  stm32f4xx_rcc.o(.text)
    RCC_AHB1PeriphResetCmd                   0x080085f5   Thumb Code    78  stm32f4xx_rcc.o(.text)
    RCC_AHB2PeriphResetCmd                   0x08008643   Thumb Code    78  stm32f4xx_rcc.o(.text)
    RCC_AHB3PeriphResetCmd                   0x08008691   Thumb Code    78  stm32f4xx_rcc.o(.text)
    RCC_APB1PeriphResetCmd                   0x080086df   Thumb Code    78  stm32f4xx_rcc.o(.text)
    RCC_APB2PeriphResetCmd                   0x0800872d   Thumb Code    78  stm32f4xx_rcc.o(.text)
    RCC_AHB1PeriphClockLPModeCmd             0x0800877b   Thumb Code    78  stm32f4xx_rcc.o(.text)
    RCC_AHB2PeriphClockLPModeCmd             0x080087c9   Thumb Code    78  stm32f4xx_rcc.o(.text)
    RCC_AHB3PeriphClockLPModeCmd             0x08008817   Thumb Code    78  stm32f4xx_rcc.o(.text)
    RCC_APB1PeriphClockLPModeCmd             0x08008865   Thumb Code    78  stm32f4xx_rcc.o(.text)
    RCC_APB2PeriphClockLPModeCmd             0x080088b3   Thumb Code    78  stm32f4xx_rcc.o(.text)
    RCC_ITConfig                             0x08008901   Thumb Code   108  stm32f4xx_rcc.o(.text)
    RCC_ClearFlag                            0x0800896d   Thumb Code    14  stm32f4xx_rcc.o(.text)
    RCC_GetITStatus                          0x0800897b   Thumb Code    66  stm32f4xx_rcc.o(.text)
    RCC_ClearITPendingBit                    0x080089bd   Thumb Code    32  stm32f4xx_rcc.o(.text)
    TIM_DeInit                               0x080089e5   Thumb Code   440  stm32f4xx_tim.o(.text)
    TIM_TimeBaseInit                         0x08008b9d   Thumb Code   278  stm32f4xx_tim.o(.text)
    TIM_TimeBaseStructInit                   0x08008cb3   Thumb Code    18  stm32f4xx_tim.o(.text)
    TIM_PrescalerConfig                      0x08008cc5   Thumb Code   128  stm32f4xx_tim.o(.text)
    TIM_CounterModeConfig                    0x08008d45   Thumb Code   100  stm32f4xx_tim.o(.text)
    TIM_SetCounter                           0x08008da9   Thumb Code   164  stm32f4xx_tim.o(.text)
    TIM_SetAutoreload                        0x08008e4d   Thumb Code   106  stm32f4xx_tim.o(.text)
    TIM_GetCounter                           0x08008eb7   Thumb Code   104  stm32f4xx_tim.o(.text)
    TIM_GetPrescaler                         0x08008f1f   Thumb Code   104  stm32f4xx_tim.o(.text)
    TIM_UpdateDisableConfig                  0x08008f87   Thumb Code   144  stm32f4xx_tim.o(.text)
    TIM_UpdateRequestConfig                  0x08009017   Thumb Code   144  stm32f4xx_tim.o(.text)
    TIM_ARRPreloadConfig                     0x080090a7   Thumb Code   144  stm32f4xx_tim.o(.text)
    TIM_SelectOnePulseMode                   0x08009137   Thumb Code   138  stm32f4xx_tim.o(.text)
    TIM_SetClockDivision                     0x080091c1   Thumb Code   190  stm32f4xx_tim.o(.text)
    TIM_Cmd                                  0x0800927f   Thumb Code   144  stm32f4xx_tim.o(.text)
    TIM_OC1Init                              0x0800930f   Thumb Code   400  stm32f4xx_tim.o(.text)
    TIM_OC2Init                              0x0800949f   Thumb Code   474  stm32f4xx_tim.o(.text)
    TIM_OC3Init                              0x08009679   Thumb Code   400  stm32f4xx_tim.o(.text)
    TIM_OC4Init                              0x08009809   Thumb Code   290  stm32f4xx_tim.o(.text)
    TIM_OCStructInit                         0x0800992b   Thumb Code    20  stm32f4xx_tim.o(.text)
    TIM_SelectOCxM                           0x0800993f   Thumb Code   250  stm32f4xx_tim.o(.text)
    TIM_SetCompare1                          0x08009a39   Thumb Code   144  stm32f4xx_tim.o(.text)
    TIM_SetCompare2                          0x08009ac9   Thumb Code    70  stm32f4xx_tim.o(.text)
    TIM_SetCompare3                          0x08009b0f   Thumb Code    58  stm32f4xx_tim.o(.text)
    TIM_SetCompare4                          0x08009b49   Thumb Code    58  stm32f4xx_tim.o(.text)
    TIM_ForcedOC1Config                      0x08009b83   Thumb Code   126  stm32f4xx_tim.o(.text)
    TIM_ForcedOC2Config                      0x08009c01   Thumb Code   110  stm32f4xx_tim.o(.text)
    TIM_ForcedOC3Config                      0x08009c6f   Thumb Code    90  stm32f4xx_tim.o(.text)
    TIM_ForcedOC4Config                      0x08009cc9   Thumb Code    98  stm32f4xx_tim.o(.text)
    TIM_OC1PreloadConfig                     0x08009d2b   Thumb Code   124  stm32f4xx_tim.o(.text)
    TIM_OC2PreloadConfig                     0x08009da7   Thumb Code   108  stm32f4xx_tim.o(.text)
    TIM_OC3PreloadConfig                     0x08009e13   Thumb Code    88  stm32f4xx_tim.o(.text)
    TIM_OC4PreloadConfig                     0x08009e6b   Thumb Code   146  stm32f4xx_tim.o(.text)
    TIM_OC1FastConfig                        0x08009efd   Thumb Code   124  stm32f4xx_tim.o(.text)
    TIM_OC2FastConfig                        0x08009f79   Thumb Code   108  stm32f4xx_tim.o(.text)
    TIM_OC3FastConfig                        0x08009fe5   Thumb Code    88  stm32f4xx_tim.o(.text)
    TIM_OC4FastConfig                        0x0800a03d   Thumb Code    96  stm32f4xx_tim.o(.text)
    TIM_ClearOC1Ref                          0x0800a09d   Thumb Code   124  stm32f4xx_tim.o(.text)
    TIM_ClearOC2Ref                          0x0800a119   Thumb Code   106  stm32f4xx_tim.o(.text)
    TIM_ClearOC3Ref                          0x0800a183   Thumb Code    88  stm32f4xx_tim.o(.text)
    TIM_ClearOC4Ref                          0x0800a1db   Thumb Code    94  stm32f4xx_tim.o(.text)
    TIM_OC1PolarityConfig                    0x0800a239   Thumb Code   124  stm32f4xx_tim.o(.text)
    TIM_OC1NPolarityConfig                   0x0800a2b5   Thumb Code   114  stm32f4xx_tim.o(.text)
    TIM_OC2PolarityConfig                    0x0800a327   Thumb Code   108  stm32f4xx_tim.o(.text)
    TIM_OC2NPolarityConfig                   0x0800a393   Thumb Code    72  stm32f4xx_tim.o(.text)
    TIM_OC3PolarityConfig                    0x0800a3db   Thumb Code    96  stm32f4xx_tim.o(.text)
    TIM_OC3NPolarityConfig                   0x0800a43b   Thumb Code    72  stm32f4xx_tim.o(.text)
    TIM_OC4PolarityConfig                    0x0800a483   Thumb Code    96  stm32f4xx_tim.o(.text)
    TIM_CCxCmd                               0x0800a4e3   Thumb Code   168  stm32f4xx_tim.o(.text)
    TIM_CCxNCmd                              0x0800a58b   Thumb Code   104  stm32f4xx_tim.o(.text)
    TIM_SetIC4Prescaler                      0x0800a5f3   Thumb Code   106  stm32f4xx_tim.o(.text)
    TIM_SetIC3Prescaler                      0x0800a6ad   Thumb Code   148  stm32f4xx_tim.o(.text)
    TIM_SetIC2Prescaler                      0x0800a789   Thumb Code   118  stm32f4xx_tim.o(.text)
    TIM_SetIC1Prescaler                      0x0800a84f   Thumb Code   134  stm32f4xx_tim.o(.text)
    TIM_ICInit                               0x0800a90f   Thumb Code   460  stm32f4xx_tim.o(.text)
    TIM_ICStructInit                         0x0800aadb   Thumb Code    18  stm32f4xx_tim.o(.text)
    TIM_PWMIConfig                           0x0800aaed   Thumb Code   234  stm32f4xx_tim.o(.text)
    TIM_GetCapture1                          0x0800abd7   Thumb Code    92  stm32f4xx_tim.o(.text)
    TIM_GetCapture2                          0x0800ac33   Thumb Code    68  stm32f4xx_tim.o(.text)
    TIM_GetCapture3                          0x0800ac77   Thumb Code    56  stm32f4xx_tim.o(.text)
    TIM_GetCapture4                          0x0800acaf   Thumb Code    56  stm32f4xx_tim.o(.text)
    TIM_BDTRConfig                           0x0800ace7   Thumb Code   222  stm32f4xx_tim.o(.text)
    TIM_BDTRStructInit                       0x0800adc5   Thumb Code    18  stm32f4xx_tim.o(.text)
    TIM_CtrlPWMOutputs                       0x0800add7   Thumb Code    78  stm32f4xx_tim.o(.text)
    TIM_SelectCOM                            0x0800ae25   Thumb Code    72  stm32f4xx_tim.o(.text)
    TIM_CCPreloadControl                     0x0800ae6d   Thumb Code    72  stm32f4xx_tim.o(.text)
    TIM_ITConfig                             0x0800aeb5   Thumb Code   216  stm32f4xx_tim.o(.text)
    TIM_GenerateEvent                        0x0800af8d   Thumb Code   126  stm32f4xx_tim.o(.text)
    TIM_GetFlagStatus                        0x0800b00b   Thumb Code   188  stm32f4xx_tim.o(.text)
    TIM_ClearFlag                            0x0800b0c7   Thumb Code   108  stm32f4xx_tim.o(.text)
    TIM_GetITStatus                          0x0800b133   Thumb Code   186  stm32f4xx_tim.o(.text)
    TIM_ClearITPendingBit                    0x0800b1ed   Thumb Code   108  stm32f4xx_tim.o(.text)
    TIM_DMAConfig                            0x0800b259   Thumb Code   328  stm32f4xx_tim.o(.text)
    TIM_DMACmd                               0x0800b3a1   Thumb Code   126  stm32f4xx_tim.o(.text)
    TIM_SelectCCDMA                          0x0800b41f   Thumb Code    96  stm32f4xx_tim.o(.text)
    TIM_InternalClockConfig                  0x0800b47f   Thumb Code    76  stm32f4xx_tim.o(.text)
    TIM_SelectInputTrigger                   0x0800b4cb   Thumb Code   148  stm32f4xx_tim.o(.text)
    TIM_ITRxExternalClockConfig              0x0800b55f   Thumb Code   110  stm32f4xx_tim.o(.text)
    TIM_TIxExternalClockConfig               0x0800b5cd   Thumb Code   184  stm32f4xx_tim.o(.text)
    TIM_ETRConfig                            0x0800b685   Thumb Code   164  stm32f4xx_tim.o(.text)
    TIM_ETRClockMode1Config                  0x0800b729   Thumb Code   228  stm32f4xx_tim.o(.text)
    TIM_ETRClockMode2Config                  0x0800b80d   Thumb Code   152  stm32f4xx_tim.o(.text)
    TIM_SelectOutputTrigger                  0x0800b8a5   Thumb Code   126  stm32f4xx_tim.o(.text)
    TIM_SelectSlaveMode                      0x0800b923   Thumb Code   112  stm32f4xx_tim.o(.text)
    TIM_SelectMasterSlaveMode                0x0800b993   Thumb Code   102  stm32f4xx_tim.o(.text)
    TIM_EncoderInterfaceConfig               0x0800b9f9   Thumb Code   226  stm32f4xx_tim.o(.text)
    TIM_SelectHallSensor                     0x0800badb   Thumb Code   108  stm32f4xx_tim.o(.text)
    TIM_RemapConfig                          0x0800bb47   Thumb Code   138  stm32f4xx_tim.o(.text)
    USART_DeInit                             0x0800bbd1   Thumb Code   202  stm32f4xx_usart.o(.text)
    USART_Init                               0x0800bc9b   Thumb Code   456  stm32f4xx_usart.o(.text)
    USART_StructInit                         0x0800be63   Thumb Code    24  stm32f4xx_usart.o(.text)
    USART_ClockInit                          0x0800be7b   Thumb Code   166  stm32f4xx_usart.o(.text)
    USART_ClockStructInit                    0x0800bf21   Thumb Code    12  stm32f4xx_usart.o(.text)
    USART_Cmd                                0x0800bf2d   Thumb Code    96  stm32f4xx_usart.o(.text)
    USART_SetPrescaler                       0x0800bf8d   Thumb Code   102  stm32f4xx_usart.o(.text)
    USART_OverSampling8Cmd                   0x0800bff3   Thumb Code    94  stm32f4xx_usart.o(.text)
    USART_OneBitMethodCmd                    0x0800c051   Thumb Code    96  stm32f4xx_usart.o(.text)
    USART_SendData                           0x0800c0b1   Thumb Code    80  stm32f4xx_usart.o(.text)
    USART_ReceiveData                        0x0800c101   Thumb Code    60  stm32f4xx_usart.o(.text)
    USART_SetAddress                         0x0800c13d   Thumb Code    88  stm32f4xx_usart.o(.text)
    USART_ReceiverWakeUpCmd                  0x0800c195   Thumb Code    96  stm32f4xx_usart.o(.text)
    USART_WakeUpConfig                       0x0800c1f5   Thumb Code    92  stm32f4xx_usart.o(.text)
    USART_LINBreakDetectLengthConfig         0x0800c251   Thumb Code    90  stm32f4xx_usart.o(.text)
    USART_LINCmd                             0x0800c2ab   Thumb Code    96  stm32f4xx_usart.o(.text)
    USART_SendBreak                          0x0800c30b   Thumb Code    62  stm32f4xx_usart.o(.text)
    USART_HalfDuplexCmd                      0x0800c349   Thumb Code    96  stm32f4xx_usart.o(.text)
    USART_SetGuardTime                       0x0800c3a9   Thumb Code    86  stm32f4xx_usart.o(.text)
    USART_SmartCardCmd                       0x0800c3ff   Thumb Code    84  stm32f4xx_usart.o(.text)
    USART_SmartCardNACKCmd                   0x0800c453   Thumb Code    84  stm32f4xx_usart.o(.text)
    USART_IrDAConfig                         0x0800c4a7   Thumb Code    90  stm32f4xx_usart.o(.text)
    USART_IrDACmd                            0x0800c501   Thumb Code    96  stm32f4xx_usart.o(.text)
    USART_DMACmd                             0x0800c561   Thumb Code   114  stm32f4xx_usart.o(.text)
    USART_ITConfig                           0x0800c5d3   Thumb Code   260  stm32f4xx_usart.o(.text)
    USART_GetFlagStatus                      0x0800c6d7   Thumb Code   170  stm32f4xx_usart.o(.text)
    USART_ClearFlag                          0x0800c781   Thumb Code   158  stm32f4xx_usart.o(.text)
    USART_GetITStatus                        0x0800c81f   Thumb Code   278  stm32f4xx_usart.o(.text)
    USART_ClearITPendingBit                  0x0800c935   Thumb Code   164  stm32f4xx_usart.o(.text)
    processUART3Data                         0x0800c9f5   Thumb Code   168  uart_receive.o(.text)
    UART3_DataParser                         0x0800ca9d   Thumb Code   124  uart_receive.o(.text)
    pwm_turn                                 0x0800cb19   Thumb Code    36  uart_receive.o(.text)
    __aeabi_dadd                             0x0800cb5d   Thumb Code   322  dadd.o(.text)
    __aeabi_dsub                             0x0800cc9f   Thumb Code     6  dadd.o(.text)
    __aeabi_drsub                            0x0800cca5   Thumb Code     6  dadd.o(.text)
    __aeabi_dmul                             0x0800ccab   Thumb Code   228  dmul.o(.text)
    __aeabi_i2d                              0x0800cd8f   Thumb Code    34  dflti.o(.text)
    __aeabi_ui2d                             0x0800cdb1   Thumb Code    26  dfltui.o(.text)
    __aeabi_d2uiz                            0x0800cdcb   Thumb Code    50  dfixui.o(.text)
    __aeabi_f2d                              0x0800cdfd   Thumb Code    38  f2d.o(.text)
    __aeabi_cdcmpeq                          0x0800ce25   Thumb Code     0  cdcmple.o(.text)
    __aeabi_cdcmple                          0x0800ce25   Thumb Code    48  cdcmple.o(.text)
    __aeabi_cdrcmple                         0x0800ce55   Thumb Code    48  cdrcmple.o(.text)
    __aeabi_d2f                              0x0800ce85   Thumb Code    56  d2f.o(.text)
    __aeabi_llsl                             0x0800cebd   Thumb Code    30  llshl.o(.text)
    _ll_shift_l                              0x0800cebd   Thumb Code     0  llshl.o(.text)
    __aeabi_llsr                             0x0800cedb   Thumb Code    32  llushr.o(.text)
    _ll_ushift_r                             0x0800cedb   Thumb Code     0  llushr.o(.text)
    __aeabi_lasr                             0x0800cefb   Thumb Code    36  llsshr.o(.text)
    _ll_sshift_r                             0x0800cefb   Thumb Code     0  llsshr.o(.text)
    __I$use$fp                               0x0800cf1f   Thumb Code     0  iusefp.o(.text)
    _float_round                             0x0800cf1f   Thumb Code    18  fepilogue.o(.text)
    _float_epilogue                          0x0800cf31   Thumb Code    92  fepilogue.o(.text)
    _double_round                            0x0800cf8d   Thumb Code    30  depilogue.o(.text)
    _double_epilogue                         0x0800cfab   Thumb Code   156  depilogue.o(.text)
    __scatterload                            0x0800d049   Thumb Code    28  init.o(.text)
    __scatterload_rt2                        0x0800d049   Thumb Code     0  init.o(.text)
    __decompress                             0x0800d06d   Thumb Code     0  __dczerorl2.o(.text)
    __decompress1                            0x0800d06d   Thumb Code    86  __dczerorl2.o(.text)
    __scatterload_copy                       0x0800d0c3   Thumb Code    14  handlers.o(i.__scatterload_copy)
    __scatterload_null                       0x0800d0d1   Thumb Code     2  handlers.o(i.__scatterload_null)
    __scatterload_zeroinit                   0x0800d0d3   Thumb Code    14  handlers.o(i.__scatterload_zeroinit)
    fast_atan_table                          0x0800d0e0   Data        1028  ano_math.o(.constdata)
    Region$$Table$$Base                      0x0800d778   Number         0  anon$$obj.o(Region$$Table)
    Region$$Table$$Limit                     0x0800d798   Number         0  anon$$obj.o(Region$$Table)
    fc_bat                                   0x20000060   Data           4  ano_lx.o(.data)
    fc_att                                   0x20000064   Data           7  ano_lx.o(.data)
    fc_vel                                   0x2000006b   Data           6  ano_lx.o(.data)
    sti_fun                                  0x20000090   Data           2  lx_fc_state.o(.data)
    pvt_receive_updata                       0x200000ae   Data           1  drv_ubloxgps.o(.data)
    fre_test_cnt                             0x200000b0   Data           2  drv_ubloxgps.o(.data)
    Period_Out_H                             0x200000b2   Data          14  drv_ubloxgps.o(.data)
    Period_Out_L                             0x200000c0   Data          14  drv_ubloxgps.o(.data)
    Pulse_Period                             0x200000ce   Data          28  drv_ubloxgps.o(.data)
    Baud115200                               0x200000ea   Data          28  drv_ubloxgps.o(.data)
    Save_Con                                 0x20000106   Data          21  drv_ubloxgps.o(.data)
    POLLSH_SET                               0x2000011b   Data          11  drv_ubloxgps.o(.data)
    SOL_SET                                  0x20000126   Data          11  drv_ubloxgps.o(.data)
    VELNED_SET                               0x20000131   Data          11  drv_ubloxgps.o(.data)
    TIMEUTC_SET                              0x2000013c   Data          11  drv_ubloxgps.o(.data)
    DOP_SET                                  0x20000147   Data          11  drv_ubloxgps.o(.data)
    PVT_SET                                  0x20000152   Data          11  drv_ubloxgps.o(.data)
    pvt_recerve_ok_cnt                       0x20000162   Data           1  drv_ubloxgps.o(.data)
    led                                      0x20000170   Data           4  drv_led.o(.data)
    Tx1Counter                               0x20000180   Data           1  drv_uart.o(.data)
    count1                                   0x20000181   Data           1  drv_uart.o(.data)
    U1RxInCnt                                0x20000182   Data           1  drv_uart.o(.data)
    U1RxoutCnt                               0x20000183   Data           1  drv_uart.o(.data)
    TxCounter                                0x20000184   Data           1  drv_uart.o(.data)
    count                                    0x20000185   Data           1  drv_uart.o(.data)
    U2RxInCnt                                0x20000186   Data           1  drv_uart.o(.data)
    U2RxoutCnt                               0x20000187   Data           1  drv_uart.o(.data)
    Tx3Counter                               0x20000188   Data           1  drv_uart.o(.data)
    count3                                   0x20000189   Data           1  drv_uart.o(.data)
    U3RxInCnt                                0x2000018a   Data           1  drv_uart.o(.data)
    U3RxoutCnt                               0x2000018b   Data           1  drv_uart.o(.data)
    Tx4Counter                               0x2000018c   Data           1  drv_uart.o(.data)
    count4                                   0x2000018d   Data           1  drv_uart.o(.data)
    U4RxInCnt                                0x2000018e   Data           1  drv_uart.o(.data)
    U4RxoutCnt                               0x2000018f   Data           1  drv_uart.o(.data)
    Tx5Counter                               0x20000190   Data           1  drv_uart.o(.data)
    count5                                   0x20000191   Data           1  drv_uart.o(.data)
    U5RxInCnt                                0x20000192   Data           1  drv_uart.o(.data)
    U5RxoutCnt                               0x20000193   Data           1  drv_uart.o(.data)
    SystemCoreClock                          0x20000194   Data           4  system_stm32f4xx.o(.data)
    AHBPrescTable                            0x20000198   Data          16  system_stm32f4xx.o(.data)
    circle_data                              0x200001b8   Data           8  uart_receive.o(.data)
    target_position                          0x200001c0   Data           6  uart_receive.o(.data)
    position_data                            0x200001c6   Data           6  uart_receive.o(.data)
    search_data                              0x200001cc   Data           2  uart_receive.o(.data)
    send_buffer                              0x200001d8   Data          50  ano_dt_lx.o(.bss)
    dt                                       0x2000020c   Data        1564  ano_dt_lx.o(.bss)
    rt_tar                                   0x20000928   Data          14  ano_lx.o(.bss)
    pwm_to_esc                               0x20000936   Data          16  ano_lx.o(.bss)
    fc_att_qua                               0x20000946   Data           9  ano_lx.o(.bss)
    ext_sens                                 0x20000960   Data          48  lx_fc_ext_sensor.o(.bss)
    fc_sta                                   0x20000990   Data          11  lx_fc_state.o(.bss)
    rc_in                                    0x2000099c   Data          82  drv_bsp.o(.bss)
    ano_of                                   0x20000a08   Data          60  drv_anoof.o(.bss)
    ubx                                      0x20000a84   Data         100  drv_ubloxgps.o(.bss)
    AdcValue                                 0x20000ae8   Data         100  drv_adc.o(.bss)
    Tx1Buffer                                0x20000b4c   Data         256  drv_uart.o(.bss)
    U1RxDataTmp                              0x20000c4c   Data         100  drv_uart.o(.bss)
    TxBuffer                                 0x20000cb0   Data         256  drv_uart.o(.bss)
    U2RxDataTmp                              0x20000db0   Data         100  drv_uart.o(.bss)
    Tx3Buffer                                0x20000e14   Data         256  drv_uart.o(.bss)
    U3RxDataTmp                              0x20000f14   Data         100  drv_uart.o(.bss)
    Tx4Buffer                                0x20000f78   Data         256  drv_uart.o(.bss)
    U4RxDataTmp                              0x20001078   Data         100  drv_uart.o(.bss)
    Tx5Buffer                                0x200010dc   Data         256  drv_uart.o(.bss)
    U5RxDataTmp                              0x200011dc   Data         100  drv_uart.o(.bss)
    lidar_data                               0x20001240   Data          12  uart_receive.o(.bss)
    __initial_sp                             0x20001a50   Data           0  startup_stm32f4xx.o(STACK)



==============================================================================

Memory Map of the image

  Image Entry point : 0x08000189

  Load Region LR_IROM1 (Base: 0x08000000, Size: 0x0000d970, Max: 0x00080000, ABSOLUTE, COMPRESSED[0x0000d848])

    Execution Region ER_IROM1 (Exec base: 0x08000000, Load base: 0x08000000, Size: 0x0000d798, Max: 0x00080000, ABSOLUTE)

    Exec Addr    Load Addr    Size         Type   Attr      Idx    E Section Name        Object

    0x08000000   0x08000000   0x00000188   Data   RO          566    RESET               startup_stm32f4xx.o
    0x08000188   0x08000188   0x00000000   Code   RO          788  * .ARM.Collect$$$$00000000  mc_w.l(entry.o)
    0x08000188   0x08000188   0x00000004   Code   RO          809    .ARM.Collect$$$$00000001  mc_w.l(entry2.o)
    0x0800018c   0x0800018c   0x00000004   Code   RO          812    .ARM.Collect$$$$00000004  mc_w.l(entry5.o)
    0x08000190   0x08000190   0x00000000   Code   RO          814    .ARM.Collect$$$$00000008  mc_w.l(entry7b.o)
    0x08000190   0x08000190   0x00000000   Code   RO          816    .ARM.Collect$$$$0000000A  mc_w.l(entry8b.o)
    0x08000190   0x08000190   0x00000008   Code   RO          817    .ARM.Collect$$$$0000000B  mc_w.l(entry9a.o)
    0x08000198   0x08000198   0x00000000   Code   RO          819    .ARM.Collect$$$$0000000D  mc_w.l(entry10a.o)
    0x08000198   0x08000198   0x00000000   Code   RO          821    .ARM.Collect$$$$0000000F  mc_w.l(entry11a.o)
    0x08000198   0x08000198   0x00000004   Code   RO          810    .ARM.Collect$$$$00002712  mc_w.l(entry2.o)
    0x0800019c   0x0800019c   0x00000014   Code   RO            2    .text               main.o
    0x080001b0   0x080001b0   0x000000b0   Code   RO          112    .text               ano_scheduler.o
    0x08000260   0x08000260   0x000002f8   Code   RO          133    .text               user_task.o
    0x08000558   0x08000558   0x00000794   Code   RO          160    .text               ano_dt_lx.o
    0x08000cec   0x08000cec   0x000004dc   Code   RO          199    .text               ano_lx.o
    0x080011c8   0x080011c8   0x000000e4   Code   RO          246    .text               lx_fc_ext_sensor.o
    0x080012ac   0x080012ac   0x00000c38   Code   RO          269    .text               lx_fc_fun.o
    0x08001ee4   0x08001ee4   0x00000284   Code   RO          289    .text               lx_fc_state.o
    0x08002168   0x08002168   0x000004d8   Code   RO          312    .text               drv_bsp.o
    0x08002640   0x08002640   0x0000087c   Code   RO          338    .text               ano_math.o
    0x08002ebc   0x08002ebc   0x00000340   Code   RO          357    .text               drv_anoof.o
    0x080031fc   0x080031fc   0x000003a8   Code   RO          380    .text               drv_ubloxgps.o
    0x080035a4   0x080035a4   0x0000007c   Code   RO          400    .text               stm32f4xx_it.o
    0x08003620   0x08003620   0x00000108   Code   RO          416    .text               drv_sys.o
    0x08003728   0x08003728   0x00000194   Code   RO          444    .text               drv_adc.o
    0x080038bc   0x080038bc   0x0000011c   Code   RO          466    .text               drv_led.o
    0x080039d8   0x080039d8   0x0000037c   Code   RO          488    .text               drv_pwmout.o
    0x08003d54   0x08003d54   0x000001e4   Code   RO          504    .text               drv_rcin.o
    0x08003f38   0x08003f38   0x0000008c   Code   RO          521    .text               drv_timer.o
    0x08003fc4   0x08003fc4   0x00000a50   Code   RO          541    .text               drv_uart.o
    0x08004a14   0x08004a14   0x00000024   Code   RO          567    .text               startup_stm32f4xx.o
    0x08004a38   0x08004a38   0x00000210   Code   RO          572    .text               system_stm32f4xx.o
    0x08004c48   0x08004c48   0x000001c0   Code   RO          594    .text               misc.o
    0x08004e08   0x08004e08   0x00000fdc   Code   RO          611    .text               stm32f4xx_adc.o
    0x08005de4   0x08005de4   0x00001368   Code   RO          628    .text               stm32f4xx_dma.o
    0x0800714c   0x0800714c   0x000002d4   Code   RO          645    .text               stm32f4xx_exti.o
    0x08007420   0x08007420   0x000008c8   Code   RO          679    .text               stm32f4xx_gpio.o
    0x08007ce8   0x08007ce8   0x00000cfc   Code   RO          696    .text               stm32f4xx_rcc.o
    0x080089e4   0x080089e4   0x000031ec   Code   RO          732    .text               stm32f4xx_tim.o
    0x0800bbd0   0x0800bbd0   0x00000e24   Code   RO          749    .text               stm32f4xx_usart.o
    0x0800c9f4   0x0800c9f4   0x00000168   Code   RO          766    .text               uart_receive.o
    0x0800cb5c   0x0800cb5c   0x0000014e   Code   RO          791    .text               mf_w.l(dadd.o)
    0x0800ccaa   0x0800ccaa   0x000000e4   Code   RO          793    .text               mf_w.l(dmul.o)
    0x0800cd8e   0x0800cd8e   0x00000022   Code   RO          795    .text               mf_w.l(dflti.o)
    0x0800cdb0   0x0800cdb0   0x0000001a   Code   RO          797    .text               mf_w.l(dfltui.o)
    0x0800cdca   0x0800cdca   0x00000032   Code   RO          799    .text               mf_w.l(dfixui.o)
    0x0800cdfc   0x0800cdfc   0x00000026   Code   RO          801    .text               mf_w.l(f2d.o)
    0x0800ce22   0x0800ce22   0x00000002   PAD
    0x0800ce24   0x0800ce24   0x00000030   Code   RO          803    .text               mf_w.l(cdcmple.o)
    0x0800ce54   0x0800ce54   0x00000030   Code   RO          805    .text               mf_w.l(cdrcmple.o)
    0x0800ce84   0x0800ce84   0x00000038   Code   RO          807    .text               mf_w.l(d2f.o)
    0x0800cebc   0x0800cebc   0x0000001e   Code   RO          823    .text               mc_w.l(llshl.o)
    0x0800ceda   0x0800ceda   0x00000020   Code   RO          825    .text               mc_w.l(llushr.o)
    0x0800cefa   0x0800cefa   0x00000024   Code   RO          827    .text               mc_w.l(llsshr.o)
    0x0800cf1e   0x0800cf1e   0x00000000   Code   RO          829    .text               mc_w.l(iusefp.o)
    0x0800cf1e   0x0800cf1e   0x0000006e   Code   RO          830    .text               mf_w.l(fepilogue.o)
    0x0800cf8c   0x0800cf8c   0x000000ba   Code   RO          832    .text               mf_w.l(depilogue.o)
    0x0800d046   0x0800d046   0x00000002   PAD
    0x0800d048   0x0800d048   0x00000024   Code   RO          834    .text               mc_w.l(init.o)
    0x0800d06c   0x0800d06c   0x00000056   Code   RO          844    .text               mc_w.l(__dczerorl2.o)
    0x0800d0c2   0x0800d0c2   0x0000000e   Code   RO          838    i.__scatterload_copy  mc_w.l(handlers.o)
    0x0800d0d0   0x0800d0d0   0x00000002   Code   RO          839    i.__scatterload_null  mc_w.l(handlers.o)
    0x0800d0d2   0x0800d0d2   0x0000000e   Code   RO          840    i.__scatterload_zeroinit  mc_w.l(handlers.o)
    0x0800d0e0   0x0800d0e0   0x00000404   Data   RO          339    .constdata          ano_math.o
    0x0800d4e4   0x0800d4e4   0x00000048   Data   RO          595    .conststring        misc.o
    0x0800d52c   0x0800d52c   0x00000051   Data   RO          612    .conststring        stm32f4xx_adc.o
    0x0800d57d   0x0800d57d   0x00000003   PAD
    0x0800d580   0x0800d580   0x00000051   Data   RO          629    .conststring        stm32f4xx_dma.o
    0x0800d5d1   0x0800d5d1   0x00000003   PAD
    0x0800d5d4   0x0800d5d4   0x00000052   Data   RO          646    .conststring        stm32f4xx_exti.o
    0x0800d626   0x0800d626   0x00000002   PAD
    0x0800d628   0x0800d628   0x00000052   Data   RO          680    .conststring        stm32f4xx_gpio.o
    0x0800d67a   0x0800d67a   0x00000002   PAD
    0x0800d67c   0x0800d67c   0x00000051   Data   RO          697    .conststring        stm32f4xx_rcc.o
    0x0800d6cd   0x0800d6cd   0x00000003   PAD
    0x0800d6d0   0x0800d6d0   0x00000051   Data   RO          733    .conststring        stm32f4xx_tim.o
    0x0800d721   0x0800d721   0x00000003   PAD
    0x0800d724   0x0800d724   0x00000053   Data   RO          750    .conststring        stm32f4xx_usart.o
    0x0800d777   0x0800d777   0x00000001   PAD
    0x0800d778   0x0800d778   0x00000020   Data   RO          836    Region$$Table       anon$$obj.o


    Execution Region RW_IRAM1 (Exec base: 0x20000000, Load base: 0x0800d798, Size: 0x00001a50, Max: 0x00030000, ABSOLUTE, COMPRESSED[0x000000b0])

    Exec Addr    Load Addr    Size         Type   Attr      Idx    E Section Name        Object

    0x20000000   COMPRESSED   0x00000054   Data   RW          113    .data               ano_scheduler.o
    0x20000054   COMPRESSED   0x00000006   Data   RW          134    .data               user_task.o
    0x2000005a   COMPRESSED   0x00000006   Data   RW          162    .data               ano_dt_lx.o
    0x20000060   COMPRESSED   0x0000001e   Data   RW          201    .data               ano_lx.o
    0x2000007e   COMPRESSED   0x00000004   Data   RW          248    .data               lx_fc_ext_sensor.o
    0x20000082   COMPRESSED   0x0000000d   Data   RW          270    .data               lx_fc_fun.o
    0x2000008f   COMPRESSED   0x00000001   PAD
    0x20000090   COMPRESSED   0x00000006   Data   RW          291    .data               lx_fc_state.o
    0x20000096   COMPRESSED   0x00000002   PAD
    0x20000098   COMPRESSED   0x00000013   Data   RW          314    .data               drv_bsp.o
    0x200000ab   COMPRESSED   0x00000003   Data   RW          359    .data               drv_anoof.o
    0x200000ae   COMPRESSED   0x000000b6   Data   RW          382    .data               drv_ubloxgps.o
    0x20000164   COMPRESSED   0x00000004   PAD
    0x20000168   COMPRESSED   0x00000008   Data   RW          417    .data               drv_sys.o
    0x20000170   COMPRESSED   0x0000000c   Data   RW          467    .data               drv_led.o
    0x2000017c   COMPRESSED   0x00000004   Data   RW          505    .data               drv_rcin.o
    0x20000180   COMPRESSED   0x00000014   Data   RW          543    .data               drv_uart.o
    0x20000194   COMPRESSED   0x00000014   Data   RW          573    .data               system_stm32f4xx.o
    0x200001a8   COMPRESSED   0x00000010   Data   RW          698    .data               stm32f4xx_rcc.o
    0x200001b8   COMPRESSED   0x0000001e   Data   RW          768    .data               uart_receive.o
    0x200001d6   COMPRESSED   0x00000002   PAD
    0x200001d8        -       0x00000750   Zero   RW          161    .bss                ano_dt_lx.o
    0x20000928        -       0x00000038   Zero   RW          200    .bss                ano_lx.o
    0x20000960        -       0x00000030   Zero   RW          247    .bss                lx_fc_ext_sensor.o
    0x20000990        -       0x0000000b   Zero   RW          290    .bss                lx_fc_state.o
    0x2000099b   COMPRESSED   0x00000001   PAD
    0x2000099c        -       0x0000006b   Zero   RW          313    .bss                drv_bsp.o
    0x20000a07   COMPRESSED   0x00000001   PAD
    0x20000a08        -       0x0000007c   Zero   RW          358    .bss                drv_anoof.o
    0x20000a84        -       0x00000064   Zero   RW          381    .bss                drv_ubloxgps.o
    0x20000ae8        -       0x00000064   Zero   RW          445    .bss                drv_adc.o
    0x20000b4c        -       0x000006f4   Zero   RW          542    .bss                drv_uart.o
    0x20001240        -       0x0000000c   Zero   RW          767    .bss                uart_receive.o
    0x2000124c   COMPRESSED   0x00000004   PAD
    0x20001250        -       0x00000800   Zero   RW          564    STACK               startup_stm32f4xx.o


==============================================================================

Image component sizes


      Code (inc. data)   RO Data    RW Data    ZI Data      Debug   Object Name

      1940         84          0          6       1872       6218   ano_dt_lx.o
      1244        110          0         30         56       5382   ano_lx.o
      2172        142       1028          0          0       7770   ano_math.o
       176          4          0         84          0       1920   ano_scheduler.o
       404         36          0          0        100       1897   drv_adc.o
       832         36          0          3        124       3094   drv_anoof.o
      1240         62          0         19        107       3574   drv_bsp.o
       284         12          0         12          0       2518   drv_led.o
       892         38          0          0          0       1827   drv_pwmout.o
       484         20          0          4          0       1452   drv_rcin.o
       264         12          0          8          0      20337   drv_sys.o
       140          4          0          0          0        927   drv_timer.o
      2640        170          0         20       1780       9055   drv_uart.o
       936         82          0        182        100       3423   drv_ubloxgps.o
       228         30          0          4         48       2631   lx_fc_ext_sensor.o
      3128        110          0         13          0       9981   lx_fc_fun.o
       644         30          0          6         11       2039   lx_fc_state.o
        20          0          0          0          0     299537   main.o
       448         30         72          0          0       2293   misc.o
        36          8        392          0       2048        960   startup_stm32f4xx.o
      4060        104         81          0          0      13606   stm32f4xx_adc.o
      4968        316         81          0          0       9221   stm32f4xx_dma.o
       724         14         82          0          0       2967   stm32f4xx_exti.o
      2248         86         82          0          0       5669   stm32f4xx_gpio.o
       124          4          0          0          0       2330   stm32f4xx_it.o
      3324        218         81         16          0      13815   stm32f4xx_rcc.o
     12780        628         81          0          0      31464   stm32f4xx_tim.o
      3620        116         83          0          0      10336   stm32f4xx_usart.o
       528         46          0         20          0       2211   system_stm32f4xx.o
       360         48          0         30         12       2912   uart_receive.o
       760         44          0          6          0       1161   user_task.o

    ----------------------------------------------------------------------
     51648       2644       2112        472       6264     482527   Object Totals
         0          0         32          0          0          0   (incl. Generated)
         0          0         17          9          6          0   (incl. Padding)

    ----------------------------------------------------------------------

      Code (inc. data)   RO Data    RW Data    ZI Data      Debug   Library Member Name

        86          0          0          0          0          0   __dczerorl2.o
         0          0          0          0          0          0   entry.o
         0          0          0          0          0          0   entry10a.o
         0          0          0          0          0          0   entry11a.o
         8          4          0          0          0          0   entry2.o
         4          0          0          0          0          0   entry5.o
         0          0          0          0          0          0   entry7b.o
         0          0          0          0          0          0   entry8b.o
         8          4          0          0          0          0   entry9a.o
        30          0          0          0          0          0   handlers.o
        36          8          0          0          0         68   init.o
         0          0          0          0          0          0   iusefp.o
        30          0          0          0          0         68   llshl.o
        36          0          0          0          0         68   llsshr.o
        32          0          0          0          0         68   llushr.o
        48          0          0          0          0         68   cdcmple.o
        48          0          0          0          0         68   cdrcmple.o
        56          0          0          0          0         88   d2f.o
       334          0          0          0          0        148   dadd.o
       186          0          0          0          0        176   depilogue.o
        50          0          0          0          0         76   dfixui.o
        34          0          0          0          0         76   dflti.o
        26          0          0          0          0         76   dfltui.o
       228          0          0          0          0         96   dmul.o
        38          0          0          0          0         68   f2d.o
       110          0          0          0          0        168   fepilogue.o

    ----------------------------------------------------------------------
      1432         16          0          0          0       1380   Library Totals
         4          0          0          0          0          0   (incl. Padding)

    ----------------------------------------------------------------------

      Code (inc. data)   RO Data    RW Data    ZI Data      Debug   Library Name

       270         16          0          0          0        272   mc_w.l
      1158          0          0          0          0       1108   mf_w.l

    ----------------------------------------------------------------------
      1432         16          0          0          0       1380   Library Totals

    ----------------------------------------------------------------------

==============================================================================


      Code (inc. data)   RO Data    RW Data    ZI Data      Debug   

     53080       2660       2112        472       6264     478267   Grand Totals
     53080       2660       2112        176       6264     478267   ELF Image Totals (compressed)
     53080       2660       2112        176          0          0   ROM Totals

==============================================================================

    Total RO  Size (Code + RO Data)                55192 (  53.90kB)
    Total RW  Size (RW Data + ZI Data)              6736 (   6.58kB)
    Total ROM Size (Code + RO Data + RW Data)      55368 (  54.07kB)

==============================================================================

