<html>
<body>
<pre>
<h1>µVision Build Log</h1>
<h2>Tool Versions:</h2>
IDE-Version: ¦ÌVision V5.29.0.0
Copyright (C) 2019 ARM Ltd and ARM Germany GmbH. All rights reserved.
License Information: LinYuheng dazhexue, BUPT, LIC=9N0AE-59F4X-VJK6J-UMNC4-6FJ8A-4EIDV
 
Tool Versions:
Toolchain:       MDK-ARM Professional  Version: 5.29.0.0
Toolchain Path:  D:\keil5\ARM\ARMCC\Bin
C Compiler:      Armcc.exe V5.06 update 6 (build 750)
Assembler:       Armasm.exe V5.06 update 6 (build 750)
Linker/Locator:  ArmLink.exe V5.06 update 6 (build 750)
Library Manager: ArmAr.exe V5.06 update 6 (build 750)
Hex Converter:   FromElf.exe V5.06 update 6 (build 750)
CPU DLL:         SARMCM3.DLL V5.29.0.0
Dialog DLL:      DCM.DLL V1.17.3.0
Target DLL:      STLink\ST-LINKIII-KEIL_SWO.dll V3.0.7.0
Dialog DLL:      TCM.DLL V1.36.5.0
 
<h2>Project:</h2>
E:\Download\µçÈü\2024_V1.2\dimianzhan(ZET6)\MDK-ARM\LCDtest.uvprojx
Project File Date:  06/22/2025

<h2>Output:</h2>
*** Using Compiler 'V5.06 update 6 (build 750)', folder: 'D:\keil5\ARM\ARMCC\Bin'
Rebuild target 'LCDtest'
assembling startup_stm32f103xe.s...
compiling stm32f1xx_hal_gpio.c...
compiling usart.c...
compiling gpio.c...
compiling stm32f1xx_hal_rcc_ex.c...
compiling stm32f1xx_hal_msp.c...
compiling fsmc.c...
compiling tim.c...
compiling stm32f1xx_hal.c...
compiling stm32f1xx_ll_fsmc.c...
compiling stm32f1xx_hal_gpio_ex.c...
compiling stm32f1xx_hal_rcc.c...
compiling stm32f1xx_hal_dma.c...
compiling lcd.c...
..\Core\Src\lcd.c(606): warning:  #177-D: variable "fsmc_write_handle"  was declared but never referenced
      FSMC_NORSRAM_TimingTypeDef fsmc_write_handle;
..\Core\Src\lcd.c: 1 warning, 0 errors
compiling stm32f1xx_it.c...
../GUI_APP/generated/gui_guider.h(90): warning:  #1295-D: Deprecated declaration esp_ap_init - give arg types
  void esp_ap_init();
../GUI_APP/custom/custom.h(20): warning:  #1295-D: Deprecated declaration num_reset - give arg types
  void num_reset();
../GUI_APP/custom/custom.h(22): warning:  #1295-D: Deprecated declaration send_position - give arg types
  void send_position();
../Core/Src/stm32f1xx_it.c: 3 warnings, 0 errors
compiling main.c...
../GUI_APP/generated/gui_guider.h(90): warning:  #1295-D: Deprecated declaration esp_ap_init - give arg types
  void esp_ap_init();
../Core/Src/main.c(184): warning:  #177-D: variable "time"  was declared but never referenced
      static uint32_t time = 0;
../Core/Src/main.c: 2 warnings, 0 errors
compiling lv_event.c...
..\GUI\lvgl\src\core\lv_event.c(120): warning:  #188-D: enumerated type mixed with another type
      return e->code & ~LV_EVENT_PREPROCESS;
..\GUI\lvgl\src\core\lv_event.c: 1 warning, 0 errors
compiling lv_disp.c...
compiling lv_group.c...
compiling lv_indev.c...
compiling lv_obj_class.c...
compiling lv_indev_scroll.c...
compiling lv_obj_draw.c...
..\GUI\lvgl\src\core\lv_obj_draw.c(393): warning:  #188-D: enumerated type mixed with another type
      if(obj->spec_attr) return obj->spec_attr->layer_type;
..\GUI\lvgl\src\core\lv_obj_draw.c: 1 warning, 0 errors
compiling lv_obj.c...
compiling lv_obj_scroll.c...
compiling lv_obj_pos.c...
compiling lv_obj_style.c...
compiling lv_obj_style_gen.c...
compiling lv_obj_tree.c...
compiling lv_draw_pxp.c...
compiling stm32f1xx_hal_sram.c...
compiling lv_draw_pxp_blend.c...
compiling lv_gpu_arm2d.c...
compiling lv_theme.c...
compiling lv_gpu_nxp_pxp.c...
compiling lv_gpu_nxp_pxp_osa.c...
compiling lv_refr.c...
compiling lv_draw_vglite.c...
compiling stm32f1xx_hal_cortex.c...
compiling lv_draw_vglite_arc.c...
compiling stm32f1xx_hal_exti.c...
compiling lv_draw_vglite_blend.c...
compiling lv_draw_vglite_line.c...
compiling lv_draw_vglite_rect.c...
compiling lv_vglite_buf.c...
compiling lv_vglite_utils.c...
compiling stm32f1xx_hal_pwr.c...
compiling system_stm32f1xx.c...
compiling lv_gpu_d2_draw_label.c...
compiling lv_gpu_d2_ra6m3.c...
compiling lv_draw_sdl.c...
compiling lv_draw_sdl_arc.c...
compiling lv_draw_sdl_bg.c...
compiling lv_draw_sdl_composite.c...
compiling lv_draw_sdl_img.c...
compiling lv_draw_sdl_label.c...
compiling lv_draw_sdl_layer.c...
compiling lv_draw_sdl_line.c...
compiling lv_draw_sdl_mask.c...
compiling stm32f1xx_hal_flash_ex.c...
compiling stm32f1xx_hal_flash.c...
compiling lv_draw_sdl_polygon.c...
compiling lv_draw_sdl_rect.c...
compiling lv_draw_sdl_texture_cache.c...
compiling lv_draw_sdl_stack_blur.c...
compiling lv_draw_sdl_utils.c...
compiling lv_draw_sw_dither.c...
compiling stm32f1xx_hal_uart.c...
compiling lv_draw_sw.c...
compiling lv_draw_sw_arc.c...
compiling lv_draw_sw_gradient.c...
compiling lv_draw_sw_img.c...
compiling lv_draw_sw_layer.c...
compiling stm32f1xx_hal_tim_ex.c...
compiling lv_draw_sw_blend.c...
compiling lv_draw_sw_polygon.c...
compiling lv_draw_sw_letter.c...
compiling lv_draw.c...
compiling lv_draw_sw_line.c...
compiling lv_draw_arc.c...
compiling stm32f1xx_hal_tim.c...
compiling lv_draw_sw_transform.c...
compiling lv_draw_img.c...
compiling lv_draw_layer.c...
compiling lv_draw_label.c...
compiling lv_draw_transform.c...
compiling lv_draw_rect.c...
compiling lv_draw_sw_rect.c...
..\GUI\lvgl\src\draw\sw\lv_draw_sw_rect.c(238): warning:  #546-D: transfer of control bypasses initialization of:
            variable "mask_any_center"  (declared at line 285)
          goto bg_clean_up;
          ^
..\GUI\lvgl\src\draw\sw\lv_draw_sw_rect.c: 1 warning, 0 errors
compiling lv_draw_line.c...
compiling lv_draw_triangle.c...
compiling lv_img_cache.c...
compiling lv_img_buf.c...
compiling lv_gpu_stm32_dma2d.c...
compiling lv_gpu_swm341_dma2d.c...
compiling lv_img_decoder.c...
compiling lv_fragment.c...
compiling lv_fragment_manager.c...
compiling lv_draw_mask.c...
compiling lv_extra.c...
compiling lv_gridnav.c...
compiling lv_flex.c...
compiling lv_grid.c...
..\GUI\lvgl\src\extra\layouts\grid\lv_grid.c(591): warning:  #188-D: enumerated type mixed with another type
      lv_grid_align_t col_align = get_cell_col_align(item);
..\GUI\lvgl\src\extra\layouts\grid\lv_grid.c(592): warning:  #188-D: enumerated type mixed with another type
      lv_grid_align_t row_align = get_cell_row_align(item);
..\GUI\lvgl\src\extra\layouts\grid\lv_grid.c: 2 warnings, 0 errors
compiling lv_msg.c...
compiling lv_snapshot.c...
compiling lv_ime_pinyin.c...
compiling lv_imgfont.c...
compiling lv_monkey.c...
compiling lv_calendar_header_arrow.c...
compiling lv_calendar_header_dropdown.c...
compiling lv_animimg.c...
compiling lv_theme_basic.c...
compiling lv_theme_mono.c...
compiling lv_keyboard.c...
compiling lv_list.c...
compiling lv_calendar.c...
compiling lv_imgbtn.c...
compiling lv_led.c...
compiling lv_colorwheel.c...
compiling lv_menu.c...
compiling lv_theme_default.c...
..\GUI\lvgl\src\extra\themes\default\lv_theme_default.c(213): warning:  #188-D: enumerated type mixed with another type
..\GUI\lvgl\src\extra\themes\default\lv_theme_default.c: 1 warning, 0 errors
compiling lv_font.c...
compiling lv_meter.c...
compiling lv_msgbox.c...
compiling lv_chart.c...
compiling lv_tileview.c...
compiling lv_spinner.c...
compiling lv_font_fmt_txt.c...
..\GUI\lvgl\src\font\lv_font_fmt_txt.c(137): warning:  #111-D: statement is unreachable
      return NULL;
..\GUI\lvgl\src\font\lv_font_fmt_txt.c: 1 warning, 0 errors
compiling lv_spinbox.c...
compiling lv_tabview.c...
compiling lv_font_dejavu_16_persian_hebrew.c...
compiling lv_font_montserrat_8.c...
compiling lv_win.c...
compiling lv_span.c...
..\GUI\lvgl\src\extra\widgets\span\lv_span.c(901): warning:  #546-D: transfer of control bypasses initialization of:
            variable "align"  (declared at line 905)
              goto Next_line_init;
              ^
..\GUI\lvgl\src\extra\widgets\span\lv_span.c: 1 warning, 0 errors
compiling lv_font_montserrat_10.c...
compiling lv_font_loader.c...
compiling lv_font_montserrat_12.c...
compiling lv_font_montserrat_22.c...
compiling lv_font_montserrat_12_subpx.c...
compiling lv_font_montserrat_14.c...
compiling lv_font_montserrat_16.c...
compiling lv_font_montserrat_20.c...
compiling lv_font_montserrat_18.c...
compiling lv_font_montserrat_24.c...
compiling lv_font_montserrat_26.c...
compiling lv_font_montserrat_28.c...
compiling lv_font_montserrat_28_compressed.c...
compiling lv_font_montserrat_30.c...
compiling lv_font_montserrat_32.c...
compiling lv_font_montserrat_36.c...
compiling lv_font_montserrat_34.c...
compiling lv_font_montserrat_38.c...
compiling lv_font_montserrat_42.c...
compiling lv_hal_tick.c...
compiling lv_font_montserrat_40.c...
compiling lv_font_montserrat_44.c...
compiling lv_font_montserrat_46.c...
compiling lv_font_unscii_8.c...
compiling lv_font_unscii_16.c...
compiling lv_font_montserrat_48.c...
compiling lv_font_simsun_16_cjk.c...
compiling lv_anim_timeline.c...
compiling lv_anim.c...
compiling lv_hal_indev.c...
compiling lv_async.c...
compiling lv_area.c...
compiling lv_hal_disp.c...
..\GUI\lvgl\src\hal\lv_hal_disp.c(582): warning:  #188-D: enumerated type mixed with another type
      return disp->driver->rotated;
..\GUI\lvgl\src\hal\lv_hal_disp.c: 1 warning, 0 errors
compiling lv_bidi.c...
compiling lv_color.c...
compiling lv_gc.c...
compiling lv_ll.c...
compiling lv_fs.c...
compiling lv_log.c...
compiling lv_math.c...
compiling lv_lru.c...
..\GUI\lvgl\src\misc\lv_lru.c(241): warning:  #68-D: integer conversion resulted in a change of sign
      uint32_t i = 0, min_index = -1;
..\GUI\lvgl\src\misc\lv_lru.c(242): warning:  #68-D: integer conversion resulted in a change of sign
      uint64_t min_access_count = -1;
..\GUI\lvgl\src\misc\lv_lru.c: 2 warnings, 0 errors
compiling lv_templ.c...
compiling lv_mem.c...
..\GUI\lvgl\src\misc\lv_mem.c(325): warning:  #111-D: statement is unreachable
      return NULL;
..\GUI\lvgl\src\misc\lv_mem.c: 1 warning, 0 errors
compiling lv_timer.c...
compiling lv_style.c...
..\GUI\lvgl\src\misc\lv_style.c(214): warning:  #188-D: enumerated type mixed with another type
      return last_custom_prop_id;
..\GUI\lvgl\src\misc\lv_style.c(219): warning:  #188-D: enumerated type mixed with another type
      return last_custom_prop_id - _LV_STYLE_LAST_BUILT_IN_PROP;
..\GUI\lvgl\src\misc\lv_style.c(290): warning:  #188-D: enumerated type mixed with another type
      lv_style_set_prop_internal(style, prop | meta, null_style_value, lv_style_set_prop_meta_helper);
..\GUI\lvgl\src\misc\lv_style.c: 3 warnings, 0 errors
compiling lv_printf.c...
compiling lv_style_gen.c...
compiling lv_utils.c...
compiling lv_tlsf.c...
..\GUI\lvgl\src\misc\lv_tlsf.c(898): warning:  #68-D: integer conversion resulted in a change of sign
          offset_to_block(pool, -(int)block_header_overhead);
..\GUI\lvgl\src\misc\lv_tlsf.c(1000): warning:  #68-D: integer conversion resulted in a change of sign
      block = offset_to_block(mem, -(tlsfptr_t)block_header_overhead);
..\GUI\lvgl\src\misc\lv_tlsf.c(1018): warning:  #68-D: integer conversion resulted in a change of sign
      block_header_t * block = offset_to_block(pool, -(int)block_header_overhead);
..\GUI\lvgl\src\misc\lv_tlsf.c: 3 warnings, 0 errors
compiling lv_txt_ap.c...
compiling lv_txt.c...
compiling lv_btn.c...
compiling lv_checkbox.c...
compiling lv_arc.c...
compiling lv_objx_templ.c...
compiling lv_bar.c...
compiling lv_canvas.c...
compiling lv_line.c...
compiling lv_btnmatrix.c...
compiling lv_img.c...
compiling lv_dropdown.c...
compiling lv_switch.c...
compiling lv_roller.c...
compiling lv_slider.c...
compiling lv_label.c...
compiling lv_table.c...
compiling lv_textarea.c...
compiling events_init.c...
..\GUI_APP\generated\gui_guider.h(90): warning:  #1295-D: Deprecated declaration esp_ap_init - give arg types
  void esp_ap_init();
../GUI_APP/custom/custom.h(20): warning:  #1295-D: Deprecated declaration num_reset - give arg types
  void num_reset();
../GUI_APP/custom/custom.h(22): warning:  #1295-D: Deprecated declaration send_position - give arg types
  void send_position();
..\GUI_APP\generated\events_init.c: 3 warnings, 0 errors
compiling widgets_init.c...
..\GUI_APP\generated\gui_guider.h(90): warning:  #1295-D: Deprecated declaration esp_ap_init - give arg types
  void esp_ap_init();
..\GUI_APP\generated\widgets_init.c: 1 warning, 0 errors
compiling setup_scr_screen.c...
..\GUI_APP\generated\gui_guider.h(90): warning:  #1295-D: Deprecated declaration esp_ap_init - give arg types
  void esp_ap_init();
../GUI_APP/custom/custom.h(20): warning:  #1295-D: Deprecated declaration num_reset - give arg types
  void num_reset();
../GUI_APP/custom/custom.h(22): warning:  #1295-D: Deprecated declaration send_position - give arg types
  void send_position();
..\GUI_APP\generated\setup_scr_screen.c: 3 warnings, 0 errors
compiling lv_font_montserratMedium_20.c...
compiling setup_scr_screen_1.c...
..\GUI_APP\generated\gui_guider.h(90): warning:  #1295-D: Deprecated declaration esp_ap_init - give arg types
  void esp_ap_init();
../GUI_APP/custom/custom.h(20): warning:  #1295-D: Deprecated declaration num_reset - give arg types
  void num_reset();
../GUI_APP/custom/custom.h(22): warning:  #1295-D: Deprecated declaration send_position - give arg types
  void send_position();
..\GUI_APP\generated\setup_scr_screen_1.c: 3 warnings, 0 errors
compiling lv_font_montserratMedium_30.c...
compiling lv_font_montserratMedium_16.c...
compiling myiic.c...
compiling ctiic.c...
compiling ft5206.c...
compiling touch.c...
compiling 24cxx.c...
compiling gt9xxx.c...
compiling gui_guider.c...
..\GUI_APP\generated\gui_guider.h(90): warning:  #1295-D: Deprecated declaration esp_ap_init - give arg types
  void esp_ap_init();
..\GUI_APP\generated\gui_guider.c: 1 warning, 0 errors
compiling custom.c...
../GUI_APP/generated/gui_guider.h(90): warning:  #1295-D: Deprecated declaration esp_ap_init - give arg types
  void esp_ap_init();
..\GUI_APP\custom\custom.h(20): warning:  #1295-D: Deprecated declaration num_reset - give arg types
  void num_reset();
..\GUI_APP\custom\custom.h(22): warning:  #1295-D: Deprecated declaration send_position - give arg types
  void send_position();
..\GUI_APP\custom\custom.c(70): warning:  #550-D: variable "second_letter"  was set but never used
      int first_letter = -1, second_letter = -1;
..\GUI_APP\custom\custom.c: 4 warnings, 0 errors
compiling lv_port_disp.c...
..\GUI\lvgl_port\porting\lv_port_disp.c(20): warning:  #1215-D: #warning directive: Please define or replace the macro MY_DISP_HOR_RES with the actual screen width, default value 320 is used for now.
      #warning Please define or replace the macro MY_DISP_HOR_RES with the actual screen width, default value 320 is used for now.
..\GUI\lvgl_port\porting\lv_port_disp.c(25): warning:  #1215-D: #warning directive: Please define or replace the macro MY_DISP_HOR_RES with the actual screen height, default value 240 is used for now.
      #warning Please define or replace the macro MY_DISP_HOR_RES with the actual screen height, default value 240 is used for now.
..\GUI\lvgl_port\porting\lv_port_disp.c: 2 warnings, 0 errors
compiling lv_port_indev.c...
..\GUI\lvgl_port\porting\lv_port_indev.c(34): warning:  #177-D: function "mouse_init"  was declared but never referenced
  static void mouse_init(void);
..\GUI\lvgl_port\porting\lv_port_indev.c(35): warning:  #177-D: function "mouse_read"  was declared but never referenced
  static void mouse_read(lv_indev_drv_t * indev_drv, lv_indev_data_t * data);
..\GUI\lvgl_port\porting\lv_port_indev.c(36): warning:  #177-D: function "mouse_is_pressed"  was declared but never referenced
  static bool mouse_is_pressed(void);
..\GUI\lvgl_port\porting\lv_port_indev.c(37): warning:  #177-D: function "mouse_get_xy"  was declared but never referenced
  static void mouse_get_xy(lv_coord_t * x, lv_coord_t * y);
..\GUI\lvgl_port\porting\lv_port_indev.c(39): warning:  #177-D: function "keypad_init"  was declared but never referenced
  static void keypad_init(void);
..\GUI\lvgl_port\porting\lv_port_indev.c(40): warning:  #177-D: function "keypad_read"  was declared but never referenced
  static void keypad_read(lv_indev_drv_t * indev_drv, lv_indev_data_t * data);
..\GUI\lvgl_port\porting\lv_port_indev.c(41): warning:  #177-D: function "keypad_get_key"  was declared but never referenced
  static uint32_t keypad_get_key(void);
..\GUI\lvgl_port\porting\lv_port_indev.c(43): warning:  #177-D: function "encoder_init"  was declared but never referenced
  static void encoder_init(void);
..\GUI\lvgl_port\porting\lv_port_indev.c(44): warning:  #177-D: function "encoder_read"  was declared but never referenced
  static void encoder_read(lv_indev_drv_t * indev_drv, lv_indev_data_t * data);
..\GUI\lvgl_port\porting\lv_port_indev.c(45): warning:  #177-D: function "encoder_handler"  was declared but never referenced
  static void encoder_handler(void);
..\GUI\lvgl_port\porting\lv_port_indev.c(47): warning:  #177-D: function "button_init"  was declared but never referenced
  static void button_init(void);
..\GUI\lvgl_port\porting\lv_port_indev.c(48): warning:  #177-D: function "button_read"  was declared but never referenced
  static void button_read(lv_indev_drv_t * indev_drv, lv_indev_data_t * data);
..\GUI\lvgl_port\porting\lv_port_indev.c(49): warning:  #177-D: function "button_get_pressed_id"  was declared but never referenced
  static int8_t button_get_pressed_id(void);
..\GUI\lvgl_port\porting\lv_port_indev.c(50): warning:  #177-D: function "button_is_pressed"  was declared but never referenced
  static bool button_is_pressed(uint8_t id);
..\GUI\lvgl_port\porting\lv_port_indev.c(61): warning:  #177-D: variable "encoder_diff"  was declared but never referenced
  static int32_t encoder_diff;
..\GUI\lvgl_port\porting\lv_port_indev.c(62): warning:  #177-D: variable "encoder_state"  was declared but never referenced
  static lv_indev_state_t encoder_state;
..\GUI\lvgl_port\porting\lv_port_indev.c: 16 warnings, 0 errors
linking...
Program Size: Code=185738 RO-data=109878 RW-data=956 ZI-data=62644  
FromELF: creating hex file...
"LCDtest\LCDtest.axf" - 0 Error(s), 57 Warning(s).

<h2>Software Packages used:</h2>

Package Vendor: ARM
                http://www.keil.com/pack/ARM.CMSIS.5.6.0.pack
                ARM.CMSIS.5.6.0
                CMSIS (Cortex Microcontroller Software Interface Standard)
   * Component: CORE Version: 5.3.0

Package Vendor: Keil
                http://www.keil.com/pack/Keil.STM32F1xx_DFP.2.3.0.pack
                Keil.STM32F1xx_DFP.2.3.0
                STMicroelectronics STM32F1 Series Device Support, Drivers and Examples

<h2>Collection of Component include folders:</h2>
  .\RTE\_LCDtest
  E:\keil\ARM\CMSIS\5.6.0\CMSIS\Core\Include
  E:\keil\Keil\STM32F1xx_DFP\2.3.0\Device\Include

<h2>Collection of Component Files used:</h2>

   * Component: ARM::CMSIS:CORE:5.3.0
Build Time Elapsed:  00:00:18
</pre>
</body>
</html>
